[13:54:34] [main/INFO] ========================================
[13:54:34] [main/INFO] Minecraft: 1.21.11
[13:54:34] [main/INFO] Side: server
[13:54:34] [main/INFO] Development: false
[13:54:34] [main/INFO] Version: 21.11.814
[13:54:34] [main/INFO] Loader:
[13:54:34] [main/INFO] - Fabric: 0.18.4
[13:54:34] [main/INFO] - Fabric API: 0.141.3+1.21.11
[13:54:34] [main/INFO] Dependencies:
[13:54:34] [main/INFO] - Cloth Config: 21.11.153
[13:54:34] [main/INFO] - Architectury: 19.0.1
[13:54:34] [main/INFO] Mixin: 0.8.7
[13:54:34] [main/INFO] OS: Linux 6.17.0-1010-azure (amd64)
[13:54:34] [main/INFO] Java: 21.0.10 (Eclipse Adoptium)
[13:54:34] [main/INFO] ========================================
[13:54:34] [main/INFO] Mods:
[13:54:34] [main/INFO] - adventure-platform-fabric: 6.7.0
[13:54:34] [main/INFO] - alternate-current: 1.9.0
[13:54:34] [main/INFO] - antixray: 1.4.14
[13:54:34] [main/INFO] - ar_com_hjg_pngj: 2.1.0
[13:54:34] [main/INFO] - architectury: 19.0.1
[13:54:34] [main/INFO] - armor-stand-editor: 2.11.1+1.21.11
[13:54:34] [main/INFO] - audaki_cart_engine: 4.3
[13:54:34] [main/INFO] - babyfat: 1.0.8+1.21.11
[13:54:34] [main/INFO] - balm: 21.11.6
[13:54:34] [main/INFO] - bil: 2.0.2+1.21.11
[13:54:34] [main/INFO] - biolith: 3.5.0-beta.3
[13:54:34] [main/INFO] - biome_tag_villagers: 1.4.0
[13:54:34] [main/INFO] - blahaj: 3.1.0+1.21.4
[13:54:34] [main/INFO] - blockus: 2.15.0+1.21.11
[13:54:34] [main/INFO] - blossom-back: 2.1.12+1.21.11
[13:54:34] [main/INFO] - blossom-homes: 2.2.11+1.21.11
[13:54:34] [main/INFO] - blossom-lib: 2.5.18+1.21.11
[13:54:34] [main/INFO] - blossom-tpa: 2.2.12+1.21.9
[13:54:34] [main/INFO] - booklet: 0.1.0+1.21.11
[13:54:34] [main/INFO] - braverbundles: 1.21.5-1.0.5
[13:54:34] [main/INFO] - brewery: 0.14.0+1.21.11-rc2
[13:54:34] [main/INFO] - brutalnightmare: 5.7
[13:54:34] [main/INFO] - butterbee: 1.0.4
[13:54:34] [main/INFO] - cardinal-components-base: 7.3.0
[13:54:34] [main/INFO] - cardinal-components-entity: 7.3.0
[13:54:34] [main/INFO] - cardinal-components-world: 7.3.0
[13:54:34] [main/INFO] - chalk: 3.1.1-polymania+1.21.11
[13:54:34] [main/INFO] - cinderscapes: 5.6.0
[13:54:34] [main/INFO] - cinderscapes-common: 5.6.0
[13:54:34] [main/INFO] - cinderscapes-worldgen: 5.6.0
[13:54:34] [main/INFO] - clifftree: 3.1.4
[13:54:34] [main/INFO] - cloth-basic-math: 0.6.1
[13:54:34] [main/INFO] - cloth-config: 21.11.153
[13:54:34] [main/INFO] - cloth-config: 21.11.153
[13:54:34] [main/INFO] - clumps: 29.0.0.1
[13:54:34] [main/INFO] - codextra: 2.0.0+1.21
[13:54:34] [main/INFO] - com_electronwill_night-config_core: 3.8.3
[13:54:34] [main/INFO] - com_electronwill_night-config_toml: 3.8.3
[13:54:34] [main/INFO] - com_github_mattidragon_jsonpatcherlang_jsonpatcher-docs: 1.0.0
[13:54:34] [main/INFO] - com_moandjiezana_toml_toml4j: 0.7.2
[13:54:34] [main/INFO] - com_teamresourceful_bytecodecs: 1.1.3
[13:54:34] [main/INFO] - com_teamresourceful_yabn: 1.0.3
[13:54:34] [main/INFO] - com_twelvemonkeys_common_common-image: 3.12.0
[13:54:34] [main/INFO] - com_twelvemonkeys_common_common-io: 3.12.0
[13:54:34] [main/INFO] - com_twelvemonkeys_common_common-lang: 3.12.0
[13:54:34] [main/INFO] - com_twelvemonkeys_imageio_imageio-core: 3.12.0
[13:54:34] [main/INFO] - com_twelvemonkeys_imageio_imageio-metadata: 3.12.0
[13:54:34] [main/INFO] - com_twelvemonkeys_imageio_imageio-webp: 3.12.0
[13:54:34] [main/INFO] - com_typesafe_config: 1.4.3
[13:54:34] [main/INFO] - common-economy-api: 1.1.1
[13:54:34] [main/INFO] - common-protection-api: 1.0.0
[13:54:34] [main/INFO] - common_events: 1.4.0+1.21.4
[13:54:34] [main/INFO] - commonnetworking: 1.0.22-1.21.11
[13:54:34] [main/INFO] - config_toolkit: 1.1.2
[13:54:34] [main/INFO] - constructionwand: 2.1.1
[13:54:34] [main/INFO] - constructionwand-polymer: 1.0.0
[13:54:34] [main/INFO] - curiosities: 1.1.1+1.21.11
[13:54:34] [main/INFO] - danse: 2.4.1+1.21.11
[13:54:34] [main/INFO] - darkpaintings: 21.11.1
[13:54:34] [main/INFO] - dev_smto_simpleconfig: 2.4.3
[13:54:34] [main/INFO] - dev_xantha_common: 0.2.1
[13:54:34] [main/INFO] - dialogutils: 1.7.2+1.21.9
[13:54:34] [main/INFO] - easyeula: 1.1.1
[13:54:34] [main/INFO] - enderscape: 2.1.0
[13:54:34] [main/INFO] - enderscape-polymer-patch: 2.1.0.0+1.21.11
[13:54:34] [main/INFO] - error_notifier: 1.0.11
[13:54:34] [main/INFO] - explorify: 1.6.4
[13:54:34] [main/INFO] - extended-drawers-polymer-patch: 4.3.0-beta.3.0+1.21.11
[13:54:34] [main/INFO] - extended_drawers: 4.3.0-beta.3+mc.1.21.11
[13:54:34] [main/INFO] - fabric-api: 0.141.3+1.21.11
[13:54:34] [main/INFO] - fabric-api: 0.141.3+1.21.11
[13:54:34] [main/INFO] - fabric-api-base: 1.0.5+4ebb5c083e
[13:54:34] [main/INFO] - fabric-api-lookup-api-v1: 1.6.114+20dc27073e
[13:54:34] [main/INFO] - fabric-api-protocol-fix: 1.0.0
[13:54:34] [main/INFO] - fabric-biome-api-v1: 17.1.1+4fc5413f3e
[13:54:34] [main/INFO] - fabric-block-api-v1: 1.1.10+4ebb5c083e
[13:54:34] [main/INFO] - fabric-block-view-api-v2: 1.0.39+4ebb5c083e
[13:54:34] [main/INFO] - fabric-command-api-v2: 2.4.7+6b42a6003e
[13:54:34] [main/INFO] - fabric-content-registries-v0: 10.2.14+4fc5413f3e
[13:54:34] [main/INFO] - fabric-convention-tags-v1: 2.1.55+7f945d5b3e
[13:54:34] [main/INFO] - fabric-convention-tags-v2: 2.17.3+8ef948ba3e
[13:54:34] [main/INFO] - fabric-crash-report-info-v1: 0.3.23+4ebb5c083e
[13:54:34] [main/INFO] - fabric-data-attachment-api-v1: 1.8.47+eed0806f3e
[13:54:34] [main/INFO] - fabric-data-generation-api-v1: 23.4.0+69974c4e3e
[13:54:34] [main/INFO] - fabric-dimensions-v1: 4.0.28+4fc5413f3e
[13:54:34] [main/INFO] - fabric-entity-events-v1: 3.1.1+1d0ab4303e
[13:54:34] [main/INFO] - fabric-events-interaction-v0: 4.1.0+3b89ecf63e
[13:54:34] [main/INFO] - fabric-game-rule-api-v1: 2.0.3+4fc5413f3e
[13:54:34] [main/INFO] - fabric-item-api-v1: 11.5.20+d0c46b9e3e
[13:54:34] [main/INFO] - fabric-item-group-api-v1: 4.2.36+4fc5413f3e
[13:54:34] [main/INFO] - fabric-language-kotlin: 1.13.9+kotlin.2.3.10
[13:54:34] [main/INFO] - fabric-lifecycle-events-v1: 2.6.15+4ebb5c083e
[13:54:34] [main/INFO] - fabric-loot-api-v2: 3.0.73+3f89f5a53e
[13:54:34] [main/INFO] - fabric-loot-api-v3: 2.0.20+78c8b4663e
[13:54:34] [main/INFO] - fabric-message-api-v1: 6.1.12+4ebb5c083e
[13:54:34] [main/INFO] - fabric-networking-api-v1: 5.1.5+ae1e07683e
[13:54:34] [main/INFO] - fabric-object-builder-api-v1: 21.1.39+4fc5413f3e
[13:54:34] [main/INFO] - fabric-particles-v1: 4.2.11+4fc5413f3e
[13:54:34] [main/INFO] - fabric-permissions-api-v0: 0.6.1
[13:54:34] [main/INFO] - fabric-recipe-api-v1: 8.2.3+4ebb5c083e
[13:54:34] [main/INFO] - fabric-registry-sync-v0: 6.2.5+1718722b3e
[13:54:34] [main/INFO] - fabric-rendering-fluids-v1: 3.1.43+4ebb5c083e
[13:54:34] [main/INFO] - fabric-resource-conditions-api-v1: 5.0.35+4fc5413f3e
[13:54:34] [main/INFO] - fabric-resource-loader-v0: 3.3.4+4fc5413f3e
[13:54:34] [main/INFO] - fabric-resource-loader-v1: 1.0.10+78c8b4663e
[13:54:34] [main/INFO] - fabric-screen-handler-api-v1: 1.3.161+4fc5413f3e
[13:54:34] [main/INFO] - fabric-serialization-api-v1: 1.0.5+4ebb5c083e
[13:54:34] [main/INFO] - fabric-tag-api-v1: 1.2.20+4fc5413f3e
[13:54:34] [main/INFO] - fabric-transfer-api-v1: 6.0.25+4fc5413f3e
[13:54:34] [main/INFO] - fabric-transitive-access-wideners-v1: 7.1.0+014c8cec3e
[13:54:34] [main/INFO] - fabricloader: 0.18.4
[13:54:34] [main/INFO] - factorytools: 0.9.5+1.21.11
[13:54:34] [main/INFO] - farmers-delight-polymer-patch: 3.4.3.0+1.21.11
[13:54:34] [main/INFO] - farmersdelight: 1.21.11-3.4.9+refabricated
[13:54:34] [main/INFO] - farmtweaks: 1.8
[13:54:34] [main/INFO] - ferritecore: 8.2.0
[13:54:34] [main/INFO] - filament: 1.3.22+1.21.11
[13:54:34] [main/INFO] - fokusapi: 4.1
[13:54:34] [main/INFO] - forgeconfigapiport: 21.11.1
[13:54:34] [main/INFO] - friendsandfoes: 4.0.21
[13:54:34] [main/INFO] - friendsandfoes-polymer-patch: 4.0.19-0+1.21.11
[13:54:34] [main/INFO] - fsit: 2.9.0+mc1.21.11
[13:54:34] [main/INFO] - gg_moonflower_molang-compiler: 3.1.1.19
[13:54:34] [main/INFO] - glideaway: 1.8.0+1.21.11
[13:54:34] [main/INFO] - go-fish: 1.10.1+1.21.11
[13:54:34] [main/INFO] - goml: 1.19.1+1.21.11
[13:54:34] [main/INFO] - graphlib: 2.0.3-beta.0.patbox+1.21.11
[13:54:34] [main/INFO] - illagerexp: 1.2.0
[13:54:34] [main/INFO] - image2map: 0.12.1+1.21.11
[13:54:34] [main/INFO] - incendium: 5.4.12
[13:54:34] [main/INFO] - invview: 1.4.19-1.21.11+
[13:54:34] [main/INFO] - io_determann_shadow-api-17: 0.2.0
[13:54:34] [main/INFO] - java: 21
[13:54:34] [main/INFO] - journeymap: 1.21.11-6.0.0-beta.65
[13:54:34] [main/INFO] - journeymap-api-fabric: 2.0.0-1.21.11-SNAPSHOT
[13:54:34] [main/INFO] - jsonpatcher: 1.1.2+mc.1.21.4
[13:54:34] [main/INFO] - jsonpatcher-lang: 1.0.0
[13:54:34] [main/INFO] - kleeslabs: 21.11.3
[13:54:34] [main/INFO] - kuma_api: 21.11.12
[13:54:34] [main/INFO] - leaves_us_in_peace: 1.11.2
[13:54:34] [main/INFO] - lithium: 0.21.3+mc1.21.11
[13:54:34] [main/INFO] - lithostitched: 1.6.1
[13:54:34] [main/INFO] - lovely-snails-polymer-patch: 1.2.3.0+1.21.11
[13:54:34] [main/INFO] - lovely_snails: 1.2.3+1.21.11
[13:54:34] [main/INFO] - luckperms: 5.5.21
[13:54:34] [main/INFO] - map-canvas-api: 0.7.1+1.21.11
[13:54:34] [main/INFO] - microfighters: 1.1.0+1.21.11
[13:54:34] [main/INFO] - midnightlib: 1.9.2
[13:54:34] [main/INFO] - minecraft: 1.21.11
[13:54:34] [main/INFO] - mini-vfx: 1.0.4+1.21.11
[13:54:34] [main/INFO] - mixinextras: 0.5.0
[13:54:34] [main/INFO] - mixinsquared: 0.3.3
[13:54:34] [main/INFO] - mixson: 1.4.0
[13:54:34] [main/INFO] - mm: 2.3
[13:54:34] [main/INFO] - morefurnaces: 1.2.1+1.21.11
[13:54:34] [main/INFO] - moretools: 1.9.0+1.21.11
[13:54:34] [main/INFO] - mr_banner_text: 1.4.2
[13:54:34] [main/INFO] - mr_dungeons_andtaverns: 1-v5.1.0
[13:54:34] [main/INFO] - mr_nightosphere: 3.0
[13:54:34] [main/INFO] - mr_true_ending: 1-v1.1.4d
[13:54:34] [main/INFO] - net_fabricmc_javapoet: 0.1.0
[13:54:34] [main/INFO] - net_kyori_adventure-api: 4.25.0
[13:54:34] [main/INFO] - net_kyori_adventure-key: 4.25.0
[13:54:34] [main/INFO] - net_kyori_adventure-platform-api: 4.4.1
[13:54:34] [main/INFO] - net_kyori_adventure-platform-mod-shared-fabric-repack: 6.7.0
[13:54:34] [main/INFO] - net_kyori_adventure-text-logger-slf4j: 4.25.0
[13:54:34] [main/INFO] - net_kyori_adventure-text-minimessage: 4.25.0
[13:54:34] [main/INFO] - net_kyori_adventure-text-serializer-ansi: 4.25.0
[13:54:34] [main/INFO] - net_kyori_adventure-text-serializer-gson: 4.25.0
[13:54:34] [main/INFO] - net_kyori_adventure-text-serializer-json: 4.25.0
[13:54:34] [main/INFO] - net_kyori_adventure-text-serializer-plain: 4.25.0
[13:54:34] [main/INFO] - net_kyori_ansi: 1.1.1
[13:54:34] [main/INFO] - net_kyori_examination-api: 1.3.0
[13:54:34] [main/INFO] - net_kyori_examination-string: 1.3.0
[13:54:34] [main/INFO] - net_kyori_option: 1.1.0
[13:54:34] [main/INFO] - net_objecthunter_exp4j: 0.4.8
[13:54:34] [main/INFO] - nethermap: 4.2.0+1.21.5
[13:54:34] [main/INFO] - nullscape: 1.2.16
[13:54:34] [main/INFO] - open-sesame: 1.0.5
[13:54:34] [main/INFO] - org_jetbrains_kotlin_kotlin-reflect: 2.3.10
[13:54:34] [main/INFO] - org_jetbrains_kotlin_kotlin-stdlib: 2.3.10
[13:54:34] [main/INFO] - org_jetbrains_kotlin_kotlin-stdlib-jdk7: 2.3.10
[13:54:34] [main/INFO] - org_jetbrains_kotlin_kotlin-stdlib-jdk8: 2.3.10
[13:54:34] [main/INFO] - org_jetbrains_kotlinx_atomicfu-jvm: 0.31.0
[13:54:34] [main/INFO] - org_jetbrains_kotlinx_kotlinx-coroutines-core-jvm: 1.10.2
[13:54:34] [main/INFO] - org_jetbrains_kotlinx_kotlinx-coroutines-jdk8: 1.10.2
[13:54:34] [main/INFO] - org_jetbrains_kotlinx_kotlinx-datetime-jvm: 0.7.1
[13:54:34] [main/INFO] - org_jetbrains_kotlinx_kotlinx-io-bytestring-jvm: 0.8.2
[13:54:34] [main/INFO] - org_jetbrains_kotlinx_kotlinx-io-core-jvm: 0.8.2
[13:54:34] [main/INFO] - org_jetbrains_kotlinx_kotlinx-serialization-cbor-jvm: 1.10.0
[13:54:34] [main/INFO] - org_jetbrains_kotlinx_kotlinx-serialization-core-jvm: 1.10.0
[13:54:34] [main/INFO] - org_jetbrains_kotlinx_kotlinx-serialization-json-jvm: 1.10.0
[13:54:34] [main/INFO] - org_quiltmc_parsers_gson: 0.2.1
[13:54:34] [main/INFO] - org_quiltmc_parsers_json: 0.2.1
[13:54:34] [main/INFO] - org_yaml_snakeyaml: 2.4
[13:54:34] [main/INFO] - ouch: 1.7.0+1.21.11
[13:54:34] [main/INFO] - packet_tweaker: 0.6.0+1.21.10
[13:54:34] [main/INFO] - perplayerwanderingtraders: 1.0.2+1.21.11-rc2
[13:54:34] [main/INFO] - placeholder-api: 2.8.2+1.21.10
[13:54:34] [main/INFO] - player-data-api: 0.9.1+1.21.11
[13:54:34] [main/INFO] - playerabilitylib: 1.15.0
[13:54:34] [main/INFO] - plushables: 2.0.11
[13:54:34] [main/INFO] - plushables-polymerized: 1.0.0+1.21.9
[13:54:34] [main/INFO] - polychess: 0.1.3+1.21.11
[13:54:34] [main/INFO] - polydecorations: 0.10.4+1.21.11
[13:54:34] [main/INFO] - polydex: 1.8.1+1.21.11
[13:54:34] [main/INFO] - polyfactory: 0.10.4+1.21.11
[13:54:34] [main/INFO] - polymania-extras: 0.6.2
[13:54:34] [main/INFO] - polymer-autohost: 0.15.1+1.21.11
[13:54:34] [main/INFO] - polymer-blocks: 0.15.1+1.21.11
[13:54:34] [main/INFO] - polymer-bundled: 0.15.0+1.21.11
[13:54:34] [main/INFO] - polymer-common: 0.15.2+1.21.11
[13:54:34] [main/INFO] - polymer-core: 0.15.2+1.21.11
[13:54:34] [main/INFO] - polymer-networking: 0.15.2+1.21.11
[13:54:34] [main/INFO] - polymer-patch-bundle: 1.1.5+1.21.11
[13:54:34] [main/INFO] - polymer-qol: 1.0.2+1.21.11
[13:54:34] [main/INFO] - polymer-registry-sync-manipulator: 0.15.2+1.21.11
[13:54:34] [main/INFO] - polymer-resource-pack: 0.15.1+1.21.11
[13:54:34] [main/INFO] - polymer-resource-pack-extras: 0.15.1+1.21.11
[13:54:34] [main/INFO] - polymer-sound-patcher: 0.15.0+1.21.11
[13:54:34] [main/INFO] - polymer-virtual-entity: 0.15.1+1.21.11
[13:54:34] [main/INFO] - polynutrition: 1.7
[13:54:34] [main/INFO] - polysit: 0.9.9+mc.1.21.11-rc1
[13:54:34] [main/INFO] - predicate-api: 0.7.0+1.21.11
[13:54:34] [main/INFO] - proper-pet-tp: 1.2.3
[13:54:34] [main/INFO] - rail-placement-fix: 1.1.0
[13:54:34] [main/INFO] - reactify: 1.3
[13:54:34] [main/INFO] - resource-locator-api: 0.6.3-drex+1.21.11
[13:54:34] [main/INFO] - resourcefullib: 3.11.0
[13:54:34] [main/INFO] - rocks: 1.9.4+1.21.11
[13:54:34] [main/INFO] - roughlyenoughitems: 21.11.814
[13:54:34] [main/INFO] - rtree-3i-lite-fabric: 0.3.0
[13:54:34] [main/INFO] - server_translations_api: 2.5.2+1.21.9-pre3
[13:54:34] [main/INFO] - serverbackpacks: 1.5.2+1.21.11
[13:54:34] [main/INFO] - sgui: 1.12.0+1.21.11
[13:54:34] [main/INFO] - sha1runtime: 1.4.1
[13:54:34] [main/INFO] - sidebar-api: 0.5.1+1.21.1
[13:54:34] [main/INFO] - simple-registry-aliases: 1.0.0+1.21.4
[13:54:34] [main/INFO] - simpleresourceloader: 1.0.0+1.21.1
[13:54:34] [main/INFO] - simply-slingshot: 0.3.0+1.21.11
[13:54:34] [main/INFO] - sleepwarp: 2.10.0+1.21.11
[13:54:34] [main/INFO] - smartbrainlib: 1.16.11
[13:54:34] [main/INFO] - spark: 1.10.156
[13:54:34] [main/INFO] - styledchat: 2.11.0+1.21.11
[13:54:34] [main/INFO] - styledplayerlist: 3.10.0+1.21.11
[13:54:34] [main/INFO] - sylcurity: 1.0.2
[13:54:34] [main/INFO] - televator: 1.2.6
[13:54:34] [main/INFO] - terrablender: 21.11.0.0
[13:54:34] [main/INFO] - terraform-biome-remapper-api-v1: 16.0.0-beta.2
[13:54:34] [main/INFO] - terraform-config-api-v1: 16.0.0-beta.2
[13:54:34] [main/INFO] - terraform-dirt-api-v1: 16.0.0-beta.2
[13:54:34] [main/INFO] - terraform-shapes-api-v1: 16.0.0-beta.2
[13:54:34] [main/INFO] - terraform-surfaces-api-v1: 16.0.0-beta.2
[13:54:34] [main/INFO] - terraform-tree-api-v1: 16.0.0-beta.2
[13:54:34] [main/INFO] - terraform-wood-api-v1: 16.0.0-beta.2
[13:54:34] [main/INFO] - terralith: 2.6.1
[13:54:34] [main/INFO] - terrestria: 7.6.0-beta.2
[13:54:34] [main/INFO] - terrestria-common: 7.6.0-beta.2
[13:54:34] [main/INFO] - terrestria-worldgen: 7.6.0-beta.2
[13:54:34] [main/INFO] - toms_mobs: 3.0.2+1.21.11
[13:54:34] [main/INFO] - trinkets: 3.11.0-beta.1+polymerport.4
[13:54:34] [main/INFO] - tsa-concrete: 1.1.1+1.21.2-rc1-1.21.2-rc1
[13:54:34] [main/INFO] - tsa-decorations: 2.1.13+1.21.11
[13:54:34] [main/INFO] - tsa-planks: 1.1.2+1.21.2-rc1
[13:54:34] [main/INFO] - tsa-stone: 1.1.5
[13:54:34] [main/INFO] - universal-graves: 3.10.2+1.21.11
[13:54:34] [main/INFO] - universal_shops: 1.13.0+1.21.11
[13:54:34] [main/INFO] - vaulted-end: 1.5.0
[13:54:34] [main/INFO] - viabackwards: 5.8.1
[13:54:34] [main/INFO] - viafabric: 0.4.21+156-1.14-1.21
[13:54:34] [main/INFO] - viafabric-mc12111: 0.4.21+156-1.14-1.21
[13:54:34] [main/INFO] - viaversion: 5.8.1
[13:54:34] [main/INFO] - visualjukebox: 1.0.5+1.21.11
[13:54:34] [main/INFO] - vss: 0.2.1
[13:54:34] [main/INFO] - wlodzimiers_blocks: 1.1.4+1.21.11
[13:54:34] [main/INFO] - woods_and_mires: 2.1.2+1.21.11
[13:54:34] [main/INFO] - yet_another_config_lib_v3: 3.8.2+1.21.11-fabric
[13:54:34] [main/INFO] ========================================
[13:54:34] [main/INFO] [REI] Registered plugin provider CommonREIPlugin [farmersdelight] for REICommonPlugin
[13:54:34] [main/INFO] [REI] Registered plugin provider DefaultPlugin [roughlyenoughitems] for REICommonPlugin
[13:54:34] [main/INFO] [REI] Registered plugin provider DefaultRuntimePlugin [roughlyenoughitems] for REICommonPlugin
[13:54:34] [main/INFO] [REI] Registered plugin provider FabricFluidAPISupportPlugin for REICommonPlugin
[13:54:39] [main/DEBUG] [REI] Processed 2 tags in 66.13 μs for minecraft:data_component_type
[13:54:39] [main/DEBUG] [REI] Processed 758 tags in 4.498 ms for minecraft:block
[13:54:39] [main/DEBUG] [REI] Processed 806 tags in 2.693 ms for minecraft:item
[13:54:39] [main/DEBUG] [REI] Processed 100 tags in 477.7 μs for minecraft:entity_type
[13:54:39] [main/DEBUG] [REI] Processed 1 tags in 15.39 μs for minecraft:worldgen/biome_source
[13:54:39] [main/DEBUG] [REI] Processed 5 tags in 51.96 μs for minecraft:game_event
[13:54:39] [main/DEBUG] [REI] Processed 6 tags in 16.50 μs for minecraft:point_of_interest_type
[13:54:39] [main/DEBUG] [REI] Processed 2 tags in 8.306 μs for minecraft:sound_event
[13:54:39] [main/DEBUG] [REI] Processed 5 tags in 12.85 μs for minecraft:fluid
[13:54:40] [main/DEBUG] [REI] Processed 3 tags in 12.95 μs for polyfactory:fluid_type
[13:54:42] [Worker-Main-3/DEBUG] [REI] Processed 1 tags in 148.4 μs for minecraft:block
[13:54:42] [Worker-Main-3/DEBUG] [REI] Processed 1 tags in 4.990 μs for minecraft:entity_type
[13:55:02] [Server thread/DEBUG] [REI] Starting Reload Plugins of stage null
java.lang.Throwable
	at knot//me.shedaniel.rei.impl.common.plugins.ReloadManagerImpl.reloadPlugins(ReloadManagerImpl.java:110)
	at knot//me.shedaniel.rei.RoughlyEnoughItemsCore.lambda$onInitialize$5(RoughlyEnoughItemsCore.java:156)
	at knot//dev.architectury.event.fabric.EventHandlerImpl.lambda$registerCommon$10(EventHandlerImpl.java:67)
	at knot//net.fabricmc.fabric.api.event.lifecycle.v1.ServerLifecycleEvents.lambda$static$2(ServerLifecycleEvents.java:49)
	at knot//net.minecraft.server.MinecraftServer.handler$bfc000$fabric-lifecycle-events-v1$afterSetupServer(MinecraftServer.java:6839)
	at knot//net.minecraft.server.MinecraftServer.method_29741(MinecraftServer.java:743)
	at knot//net.minecraft.server.MinecraftServer.method_29739(MinecraftServer.java:301)
	at java.base/java.lang.Thread.run(Thread.java:1583)
[13:55:02] [Server thread/DEBUG] [REI] ========================================
[13:55:02] [Server thread/DEBUG] [REI] REICommonPlugin starting pre-reload for START.
[13:55:02] [Server thread/DEBUG] [REI] Reloadables (8):
[13:55:02] [Server thread/DEBUG] [REI]  - SlotAccessorRegistryImpl
[13:55:02] [Server thread/DEBUG] [REI]  - EntryTypeRegistryImpl
[13:55:02] [Server thread/DEBUG] [REI]  - EntrySettingsAdapterRegistryImpl
[13:55:02] [Server thread/DEBUG] [REI]  - ItemComparatorRegistryImpl
[13:55:02] [Server thread/DEBUG] [REI]  - FluidComparatorRegistryImpl
[13:55:02] [Server thread/DEBUG] [REI]  - DisplaySerializerRegistryImpl
[13:55:02] [Server thread/DEBUG] [REI]  - ServerDisplayRegistryImpl
[13:55:02] [Server thread/DEBUG] [REI]  - FluidSupportProviderImpl
[13:55:02] [Server thread/DEBUG] [REI] Plugins (4):
[13:55:02] [Server thread/DEBUG] [REI]  - (-100.00) DefaultPlugin of DefaultPlugin [roughlyenoughitems]
[13:55:02] [Server thread/DEBUG] [REI]  - (0.00) FabricFluidAPISupportPlugin
[13:55:02] [Server thread/DEBUG] [REI]  - (0.00) DefaultRuntimePlugin of DefaultRuntimePlugin [roughlyenoughitems]
[13:55:02] [Server thread/DEBUG] [REI]  - (0.00) CommonREIPlugin of CommonREIPlugin [farmersdelight]
[13:55:02] [Server thread/DEBUG] [REI] ========================================
[13:55:02] [Server thread/TRACE] [REI] [REICommonPlugin START] Reloading Section: "pre-register/"
[13:55:02] [Server thread/TRACE] [REI] [REICommonPlugin START] Reloading Section: "pre-register/DefaultPlugin of DefaultPlugin [roughlyenoughitems]/"
[13:55:02] [Server thread/TRACE] [REI] [REICommonPlugin START] Reloading Section: "pre-register/DefaultPlugin of DefaultPlugin [roughlyenoughitems]/" done in 951.5 μs
[13:55:02] [Server thread/TRACE] [REI] [REICommonPlugin START] Reloading Section: "pre-register/FabricFluidAPISupportPlugin/"
[13:55:02] [Server thread/TRACE] [REI] [REICommonPlugin START] Reloading Section: "pre-register/FabricFluidAPISupportPlugin/" done in 28.20 μs
[13:55:02] [Server thread/TRACE] [REI] [REICommonPlugin START] Reloading Section: "pre-register/DefaultRuntimePlugin of DefaultRuntimePlugin [roughlyenoughitems]/"
[13:55:02] [Server thread/TRACE] [REI] [REICommonPlugin START] Reloading Section: "pre-register/DefaultRuntimePlugin of DefaultRuntimePlugin [roughlyenoughitems]/" done in 23.13 μs
[13:55:02] [Server thread/TRACE] [REI] [REICommonPlugin START] Reloading Section: "pre-register/CommonREIPlugin of CommonREIPlugin [farmersdelight]/"
[13:55:02] [Server thread/TRACE] [REI] [REICommonPlugin START] Reloading Section: "pre-register/CommonREIPlugin of CommonREIPlugin [farmersdelight]/" done in 22.43 μs
[13:55:02] [Server thread/TRACE] [REI] [REICommonPlugin START] Reloading Section: "pre-register/" done in 13.37 ms
[13:55:02] [Server thread/TRACE] [REI] [REICommonPlugin START] Reloading Section: "pre-stage/"
[13:55:02] [Server thread/TRACE] [REI] [REICommonPlugin START] Reloading Section: "pre-stage/SlotAccessorRegistryImpl/"
[13:55:02] [Server thread/TRACE] [REI] [REICommonPlugin START] Reloading Section: "pre-stage/SlotAccessorRegistryImpl/" done in 215.9 μs
[13:55:02] [Server thread/TRACE] [REI] [REICommonPlugin START] Reloading Section: "pre-stage/EntryTypeRegistryImpl/"
[13:55:02] [Server thread/TRACE] [REI] [REICommonPlugin START] Reloading Section: "pre-stage/EntryTypeRegistryImpl/" done in 21.54 μs
[13:55:02] [Server thread/TRACE] [REI] [REICommonPlugin START] Reloading Section: "pre-stage/EntrySettingsAdapterRegistryImpl/"
[13:55:02] [Server thread/TRACE] [REI] [REICommonPlugin START] Reloading Section: "pre-stage/EntrySettingsAdapterRegistryImpl/" done in 17.98 μs
[13:55:02] [Server thread/TRACE] [REI] [REICommonPlugin START] Reloading Section: "pre-stage/ItemComparatorRegistryImpl/"
[13:55:02] [Server thread/TRACE] [REI] [REICommonPlugin START] Reloading Section: "pre-stage/ItemComparatorRegistryImpl/" done in 21.82 μs
[13:55:02] [Server thread/TRACE] [REI] [REICommonPlugin START] Reloading Section: "pre-stage/FluidComparatorRegistryImpl/"
[13:55:02] [Server thread/TRACE] [REI] [REICommonPlugin START] Reloading Section: "pre-stage/FluidComparatorRegistryImpl/" done in 20.48 μs
[13:55:02] [Server thread/TRACE] [REI] [REICommonPlugin START] Reloading Section: "pre-stage/DisplaySerializerRegistryImpl/"
[13:55:02] [Server thread/TRACE] [REI] [REICommonPlugin START] Reloading Section: "pre-stage/DisplaySerializerRegistryImpl/" done in 16.54 μs
[13:55:02] [Server thread/TRACE] [REI] [REICommonPlugin START] Reloading Section: "pre-stage/ServerDisplayRegistryImpl/"
[13:55:02] [Server thread/TRACE] [REI] [REICommonPlugin START] Reloading Section: "pre-stage/ServerDisplayRegistryImpl/" done in 16.54 μs
[13:55:02] [Server thread/TRACE] [REI] [REICommonPlugin START] Reloading Section: "pre-stage/FluidSupportProviderImpl/"
[13:55:02] [Server thread/TRACE] [REI] [REICommonPlugin START] Reloading Section: "pre-stage/FluidSupportProviderImpl/" done in 20.47 μs
[13:55:02] [Server thread/TRACE] [REI] [REICommonPlugin START] Reloading Section: "pre-stage/" done in 793.7 μs
[13:55:02] [Server thread/DEBUG] [REI] ========================================
[13:55:02] [Server thread/DEBUG] [REI] REICommonPlugin finished pre-reload for START in 17.64 ms.
[13:55:02] [Server thread/DEBUG] [REI] ========================================
[13:55:02] [Server thread/INFO] [REI] %%%%%%%%%%%%%%%%%%%%%%%%%%%%%%%%%%%%%%%%
[13:55:02] [Server thread/INFO] [REI] REICommonPlugin starting main-reload for START.
[13:55:02] [Server thread/DEBUG] [REI] Reloadables (8):
[13:55:02] [Server thread/DEBUG] [REI]  - SlotAccessorRegistryImpl
[13:55:02] [Server thread/DEBUG] [REI]  - EntryTypeRegistryImpl
[13:55:02] [Server thread/DEBUG] [REI]  - EntrySettingsAdapterRegistryImpl
[13:55:02] [Server thread/DEBUG] [REI]  - ItemComparatorRegistryImpl
[13:55:02] [Server thread/DEBUG] [REI]  - FluidComparatorRegistryImpl
[13:55:02] [Server thread/DEBUG] [REI]  - DisplaySerializerRegistryImpl
[13:55:02] [Server thread/DEBUG] [REI]  - ServerDisplayRegistryImpl
[13:55:02] [Server thread/DEBUG] [REI]  - FluidSupportProviderImpl
[13:55:02] [Server thread/INFO] [REI] Plugins (4):
[13:55:02] [Server thread/INFO] [REI]  - (-100.00) DefaultPlugin of DefaultPlugin [roughlyenoughitems]
[13:55:02] [Server thread/INFO] [REI]  - (0.00) FabricFluidAPISupportPlugin
[13:55:02] [Server thread/INFO] [REI]  - (0.00) DefaultRuntimePlugin of DefaultRuntimePlugin [roughlyenoughitems]
[13:55:02] [Server thread/INFO] [REI]  - (0.00) CommonREIPlugin of CommonREIPlugin [farmersdelight]
[13:55:02] [Server thread/INFO] [REI] %%%%%%%%%%%%%%%%%%%%%%%%%%%%%%%%%%%%%%%%
[13:55:02] [Server thread/TRACE] [REI] [REICommonPlugin START] Reloading Section: "start-reload/"
[13:55:02] [Server thread/TRACE] [REI] [REICommonPlugin START] Reloading Section: "start-reload/SlotAccessorRegistryImpl/"
[13:55:02] [Server thread/TRACE] [REI] [REICommonPlugin START] Reloading Section: "start-reload/SlotAccessorRegistryImpl/" done in 32.90 μs
[13:55:02] [Server thread/TRACE] [REI] [REICommonPlugin START] Reloading Section: "start-reload/EntryTypeRegistryImpl/"
[13:55:02] [Server thread/TRACE] [REI] [REICommonPlugin START] Reloading Section: "start-reload/EntryTypeRegistryImpl/" done in 64.73 μs
[13:55:02] [Server thread/TRACE] [REI] [REICommonPlugin START] Reloading Section: "start-reload/EntrySettingsAdapterRegistryImpl/"
[13:55:02] [Server thread/TRACE] [REI] [REICommonPlugin START] Reloading Section: "start-reload/EntrySettingsAdapterRegistryImpl/" done in 17.89 μs
[13:55:02] [Server thread/TRACE] [REI] [REICommonPlugin START] Reloading Section: "start-reload/ItemComparatorRegistryImpl/"
[13:55:02] [Server thread/TRACE] [REI] [REICommonPlugin START] Reloading Section: "start-reload/ItemComparatorRegistryImpl/" done in 29.83 μs
[13:55:02] [Server thread/TRACE] [REI] [REICommonPlugin START] Reloading Section: "start-reload/FluidComparatorRegistryImpl/"
[13:55:02] [Server thread/TRACE] [REI] [REICommonPlugin START] Reloading Section: "start-reload/FluidComparatorRegistryImpl/" done in 38.57 μs
[13:55:02] [Server thread/TRACE] [REI] [REICommonPlugin START] Reloading Section: "start-reload/DisplaySerializerRegistryImpl/"
[13:55:02] [Server thread/TRACE] [REI] [REICommonPlugin START] Reloading Section: "start-reload/DisplaySerializerRegistryImpl/" done in 39.03 μs
[13:55:02] [Server thread/TRACE] [REI] [REICommonPlugin START] Reloading Section: "start-reload/ServerDisplayRegistryImpl/"
[13:55:02] [Server thread/TRACE] [REI] [REICommonPlugin START] Reloading Section: "start-reload/ServerDisplayRegistryImpl/" done in 23.13 μs
[13:55:02] [Server thread/TRACE] [REI] [REICommonPlugin START] Reloading Section: "start-reload/FluidSupportProviderImpl/"
[13:55:02] [Server thread/TRACE] [REI] [REICommonPlugin START] Reloading Section: "start-reload/FluidSupportProviderImpl/" done in 34.79 μs
[13:55:02] [Server thread/TRACE] [REI] [REICommonPlugin START] Reloading Section: "start-reload/" done in 3.835 ms
[13:55:02] [Server thread/DEBUG] [REI] ========================================
[13:55:02] [Server thread/DEBUG] [REI] REICommonPlugin started main-reload for START.
[13:55:02] [Server thread/DEBUG] [REI] ========================================
[13:55:02] [Server thread/TRACE] [REI] [REICommonPlugin START] Reloading Section: "reloadable-plugin/SlotAccessorRegistryImpl/"
[13:55:02] [Server thread/TRACE] [REI] [REICommonPlugin START] Reloading Section: "reloadable-plugin/SlotAccessorRegistryImpl/DefaultPlugin of DefaultPlugin [roughlyenoughitems]/"
[13:55:02] [Server thread/TRACE] [REI] [REICommonPlugin START] Reloading Section: "reloadable-plugin/SlotAccessorRegistryImpl/DefaultPlugin of DefaultPlugin [roughlyenoughitems]/" done in 253.4 μs
[13:55:02] [Server thread/TRACE] [REI] [REICommonPlugin START] Reloading Section: "reloadable-plugin/SlotAccessorRegistryImpl/FabricFluidAPISupportPlugin/"
[13:55:02] [Server thread/TRACE] [REI] [REICommonPlugin START] Reloading Section: "reloadable-plugin/SlotAccessorRegistryImpl/FabricFluidAPISupportPlugin/" done in 33.39 μs
[13:55:02] [Server thread/TRACE] [REI] [REICommonPlugin START] Reloading Section: "reloadable-plugin/SlotAccessorRegistryImpl/DefaultRuntimePlugin of DefaultRuntimePlugin [roughlyenoughitems]/"
[13:55:02] [Server thread/TRACE] [REI] [REICommonPlugin START] Reloading Section: "reloadable-plugin/SlotAccessorRegistryImpl/DefaultRuntimePlugin of DefaultRuntimePlugin [roughlyenoughitems]/" done in 31.43 μs
[13:55:02] [Server thread/TRACE] [REI] [REICommonPlugin START] Reloading Section: "reloadable-plugin/SlotAccessorRegistryImpl/CommonREIPlugin of CommonREIPlugin [farmersdelight]/"
[13:55:02] [Server thread/TRACE] [REI] [REICommonPlugin START] Reloading Section: "reloadable-plugin/SlotAccessorRegistryImpl/CommonREIPlugin of CommonREIPlugin [farmersdelight]/" done in 25.39 μs
[13:55:02] [Server thread/TRACE] [REI] [REICommonPlugin START] Reloading Section: "reloadable-plugin/SlotAccessorRegistryImpl/" done in 3.009 ms
[13:55:02] [Server thread/TRACE] [REI] [REICommonPlugin START] Reloading Section: "reloadable-plugin/EntryTypeRegistryImpl/"
[13:55:02] [Server thread/TRACE] [REI] [REICommonPlugin START] Reloading Section: "reloadable-plugin/EntryTypeRegistryImpl/DefaultPlugin of DefaultPlugin [roughlyenoughitems]/"
[13:55:02] [Server thread/TRACE] [REI] [REICommonPlugin START] Reloading Section: "reloadable-plugin/EntryTypeRegistryImpl/DefaultPlugin of DefaultPlugin [roughlyenoughitems]/" done in 37.88 μs
[13:55:02] [Server thread/TRACE] [REI] [REICommonPlugin START] Reloading Section: "reloadable-plugin/EntryTypeRegistryImpl/FabricFluidAPISupportPlugin/"
[13:55:02] [Server thread/TRACE] [REI] [REICommonPlugin START] Reloading Section: "reloadable-plugin/EntryTypeRegistryImpl/FabricFluidAPISupportPlugin/" done in 24.38 μs
[13:55:02] [Server thread/TRACE] [REI] [REICommonPlugin START] Reloading Section: "reloadable-plugin/EntryTypeRegistryImpl/DefaultRuntimePlugin of DefaultRuntimePlugin [roughlyenoughitems]/"
[13:55:02] [Server thread/TRACE] [REI] [REICommonPlugin START] Reloading Section: "reloadable-plugin/EntryTypeRegistryImpl/DefaultRuntimePlugin of DefaultRuntimePlugin [roughlyenoughitems]/" done in 11.49 ms
[13:55:02] [Server thread/TRACE] [REI] [REICommonPlugin START] Reloading Section: "reloadable-plugin/EntryTypeRegistryImpl/CommonREIPlugin of CommonREIPlugin [farmersdelight]/"
[13:55:02] [Server thread/TRACE] [REI] [REICommonPlugin START] Reloading Section: "reloadable-plugin/EntryTypeRegistryImpl/CommonREIPlugin of CommonREIPlugin [farmersdelight]/" done in 46.69 μs
[13:55:02] [Server thread/TRACE] [REI] [REICommonPlugin START] Reloading Section: "reloadable-plugin/EntryTypeRegistryImpl/" done in 11.95 ms
[13:55:02] [Server thread/TRACE] [REI] [REICommonPlugin START] Reloading Section: "reloadable-plugin/EntrySettingsAdapterRegistryImpl/"
[13:55:02] [Server thread/TRACE] [REI] [REICommonPlugin START] Reloading Section: "reloadable-plugin/EntrySettingsAdapterRegistryImpl/DefaultPlugin of DefaultPlugin [roughlyenoughitems]/"
[13:55:02] [Server thread/TRACE] [REI] [REICommonPlugin START] Reloading Section: "reloadable-plugin/EntrySettingsAdapterRegistryImpl/DefaultPlugin of DefaultPlugin [roughlyenoughitems]/" done in 31.86 μs
[13:55:02] [Server thread/TRACE] [REI] [REICommonPlugin START] Reloading Section: "reloadable-plugin/EntrySettingsAdapterRegistryImpl/FabricFluidAPISupportPlugin/"
[13:55:02] [Server thread/TRACE] [REI] [REICommonPlugin START] Reloading Section: "reloadable-plugin/EntrySettingsAdapterRegistryImpl/FabricFluidAPISupportPlugin/" done in 27.98 μs
[13:55:02] [Server thread/TRACE] [REI] [REICommonPlugin START] Reloading Section: "reloadable-plugin/EntrySettingsAdapterRegistryImpl/DefaultRuntimePlugin of DefaultRuntimePlugin [roughlyenoughitems]/"
[13:55:02] [Server thread/TRACE] [REI] [REICommonPlugin START] Reloading Section: "reloadable-plugin/EntrySettingsAdapterRegistryImpl/DefaultRuntimePlugin of DefaultRuntimePlugin [roughlyenoughitems]/" done in 42.15 μs
[13:55:02] [Server thread/TRACE] [REI] [REICommonPlugin START] Reloading Section: "reloadable-plugin/EntrySettingsAdapterRegistryImpl/CommonREIPlugin of CommonREIPlugin [farmersdelight]/"
[13:55:02] [Server thread/TRACE] [REI] [REICommonPlugin START] Reloading Section: "reloadable-plugin/EntrySettingsAdapterRegistryImpl/CommonREIPlugin of CommonREIPlugin [farmersdelight]/" done in 69.38 μs
[13:55:02] [Server thread/TRACE] [REI] [REICommonPlugin START] Reloading Section: "reloadable-plugin/EntrySettingsAdapterRegistryImpl/" done in 418.3 μs
[13:55:02] [Server thread/TRACE] [REI] [REICommonPlugin START] Reloading Section: "reloadable-plugin/ItemComparatorRegistryImpl/"
[13:55:02] [Server thread/TRACE] [REI] [REICommonPlugin START] Reloading Section: "reloadable-plugin/ItemComparatorRegistryImpl/DefaultPlugin of DefaultPlugin [roughlyenoughitems]/"
[13:55:02] [Server thread/TRACE] [REI] [REICommonPlugin START] Reloading Section: "reloadable-plugin/ItemComparatorRegistryImpl/DefaultPlugin of DefaultPlugin [roughlyenoughitems]/" done in 612.8 μs
[13:55:02] [Server thread/TRACE] [REI] [REICommonPlugin START] Reloading Section: "reloadable-plugin/ItemComparatorRegistryImpl/FabricFluidAPISupportPlugin/"
[13:55:02] [Server thread/TRACE] [REI] [REICommonPlugin START] Reloading Section: "reloadable-plugin/ItemComparatorRegistryImpl/FabricFluidAPISupportPlugin/" done in 30.05 μs
[13:55:02] [Server thread/TRACE] [REI] [REICommonPlugin START] Reloading Section: "reloadable-plugin/ItemComparatorRegistryImpl/DefaultRuntimePlugin of DefaultRuntimePlugin [roughlyenoughitems]/"
[13:55:02] [Server thread/TRACE] [REI] [REICommonPlugin START] Reloading Section: "reloadable-plugin/ItemComparatorRegistryImpl/DefaultRuntimePlugin of DefaultRuntimePlugin [roughlyenoughitems]/" done in 27.69 μs
[13:55:02] [Server thread/TRACE] [REI] [REICommonPlugin START] Reloading Section: "reloadable-plugin/ItemComparatorRegistryImpl/CommonREIPlugin of CommonREIPlugin [farmersdelight]/"
[13:55:02] [Server thread/TRACE] [REI] [REICommonPlugin START] Reloading Section: "reloadable-plugin/ItemComparatorRegistryImpl/CommonREIPlugin of CommonREIPlugin [farmersdelight]/" done in 34.84 μs
[13:55:02] [Server thread/TRACE] [REI] [REICommonPlugin START] Reloading Section: "reloadable-plugin/ItemComparatorRegistryImpl/" done in 4.012 ms
[13:55:02] [Server thread/TRACE] [REI] [REICommonPlugin START] Reloading Section: "reloadable-plugin/FluidComparatorRegistryImpl/"
[13:55:02] [Server thread/TRACE] [REI] [REICommonPlugin START] Reloading Section: "reloadable-plugin/FluidComparatorRegistryImpl/DefaultPlugin of DefaultPlugin [roughlyenoughitems]/"
[13:55:02] [Server thread/TRACE] [REI] [REICommonPlugin START] Reloading Section: "reloadable-plugin/FluidComparatorRegistryImpl/DefaultPlugin of DefaultPlugin [roughlyenoughitems]/" done in 36.50 μs
[13:55:02] [Server thread/TRACE] [REI] [REICommonPlugin START] Reloading Section: "reloadable-plugin/FluidComparatorRegistryImpl/FabricFluidAPISupportPlugin/"
[13:55:02] [Server thread/TRACE] [REI] [REICommonPlugin START] Reloading Section: "reloadable-plugin/FluidComparatorRegistryImpl/FabricFluidAPISupportPlugin/" done in 25.37 μs
[13:55:02] [Server thread/TRACE] [REI] [REICommonPlugin START] Reloading Section: "reloadable-plugin/FluidComparatorRegistryImpl/DefaultRuntimePlugin of DefaultRuntimePlugin [roughlyenoughitems]/"
[13:55:02] [Server thread/TRACE] [REI] [REICommonPlugin START] Reloading Section: "reloadable-plugin/FluidComparatorRegistryImpl/DefaultRuntimePlugin of DefaultRuntimePlugin [roughlyenoughitems]/" done in 26.26 μs
[13:55:02] [Server thread/TRACE] [REI] [REICommonPlugin START] Reloading Section: "reloadable-plugin/FluidComparatorRegistryImpl/CommonREIPlugin of CommonREIPlugin [farmersdelight]/"
[13:55:02] [Server thread/TRACE] [REI] [REICommonPlugin START] Reloading Section: "reloadable-plugin/FluidComparatorRegistryImpl/CommonREIPlugin of CommonREIPlugin [farmersdelight]/" done in 25.10 μs
[13:55:02] [Server thread/TRACE] [REI] [REICommonPlugin START] Reloading Section: "reloadable-plugin/FluidComparatorRegistryImpl/" done in 362.8 μs
[13:55:02] [Server thread/TRACE] [REI] [REICommonPlugin START] Reloading Section: "reloadable-plugin/DisplaySerializerRegistryImpl/"
[13:55:02] [Server thread/TRACE] [REI] [REICommonPlugin START] Reloading Section: "reloadable-plugin/DisplaySerializerRegistryImpl/DefaultPlugin of DefaultPlugin [roughlyenoughitems]/"
[13:55:02] [Server thread/DEBUG] [REI] Added display serializer [minecraft:client/crafting/shaped] me.shedaniel.rei.api.common.display.DisplaySerializer$1@12c1590a
[13:55:02] [Server thread/DEBUG] [REI] Added display serializer [minecraft:client/crafting/shapeless] me.shedaniel.rei.api.common.display.DisplaySerializer$1@9d554a
[13:55:02] [Server thread/DEBUG] [REI] Added display serializer [minecraft:client/smelting] me.shedaniel.rei.api.common.display.DisplaySerializer$1@623feca6
[13:55:02] [Server thread/DEBUG] [REI] Added display serializer [minecraft:client/smoking] me.shedaniel.rei.api.common.display.DisplaySerializer$1@71f999fa
[13:55:02] [Server thread/DEBUG] [REI] Added display serializer [minecraft:client/blasting] me.shedaniel.rei.api.common.display.DisplaySerializer$1@3647d9f1
[13:55:02] [Server thread/DEBUG] [REI] Added display serializer [minecraft:default/crafting/shaped] me.shedaniel.rei.api.common.display.DisplaySerializer$1@68df5b81
[13:55:02] [Server thread/DEBUG] [REI] Added display serializer [minecraft:default/crafting/shapeless] me.shedaniel.rei.api.common.display.DisplaySerializer$1@f640b93
[13:55:02] [Server thread/DEBUG] [REI] Added display serializer [minecraft:default/crafting/custom] me.shedaniel.rei.api.common.display.DisplaySerializer$1@584fbf6
[13:55:02] [Server thread/DEBUG] [REI] Added display serializer [minecraft:default/crafting/custom_shaped] me.shedaniel.rei.api.common.display.DisplaySerializer$1@1c8fa091
[13:55:02] [Server thread/DEBUG] [REI] Added display serializer [minecraft:default/crafting/custom_shapeless] me.shedaniel.rei.api.common.display.DisplaySerializer$1@125b4753
[13:55:02] [Server thread/DEBUG] [REI] Added display serializer [minecraft:extension/crafting/map_extending] me.shedaniel.rei.api.common.display.DisplaySerializer$1@5128551a
[13:55:02] [Server thread/DEBUG] [REI] Added display serializer [minecraft:default/smelting] me.shedaniel.rei.api.common.display.DisplaySerializer$1@e246638
[13:55:02] [Server thread/DEBUG] [REI] Added display serializer [minecraft:default/smoking] me.shedaniel.rei.api.common.display.DisplaySerializer$1@461f6b53
[13:55:02] [Server thread/DEBUG] [REI] Added display serializer [minecraft:default/blasting] me.shedaniel.rei.api.common.display.DisplaySerializer$1@51de3c7a
[13:55:02] [Server thread/DEBUG] [REI] Added display serializer [minecraft:default/campfire] me.shedaniel.rei.api.common.display.DisplaySerializer$1@4450d199
[13:55:02] [Server thread/DEBUG] [REI] Added display serializer [minecraft:default/stone_cutting] me.shedaniel.rei.api.common.display.DisplaySerializer$1@5968f219
[13:55:02] [Server thread/DEBUG] [REI] Added display serializer [minecraft:default/stripping] me.shedaniel.rei.api.common.display.DisplaySerializer$1@4ec8668f
[13:55:02] [Server thread/DEBUG] [REI] Added display serializer [minecraft:default/brewing] me.shedaniel.rei.api.common.display.DisplaySerializer$1@706a8bb1
[13:55:02] [Server thread/DEBUG] [REI] Added display serializer [minecraft:default/composting] me.shedaniel.rei.api.common.display.DisplaySerializer$1@1b3ef65
[13:55:02] [Server thread/DEBUG] [REI] Added display serializer [minecraft:default/fuel] me.shedaniel.rei.api.common.display.DisplaySerializer$1@58a6b196
[13:55:02] [Server thread/DEBUG] [REI] Added display serializer [minecraft:default/smithing] me.shedaniel.rei.api.common.display.DisplaySerializer$1@40fce275
[13:55:02] [Server thread/DEBUG] [REI] Added display serializer [minecraft:default/smithing/trimming] me.shedaniel.rei.api.common.display.DisplaySerializer$1@20ad0ff9
[13:55:02] [Server thread/DEBUG] [REI] Added display serializer [minecraft:default/anvil] me.shedaniel.rei.api.common.display.DisplaySerializer$1@5417bacd
[13:55:02] [Server thread/DEBUG] [REI] Added display serializer [minecraft:default/beacon_base] me.shedaniel.rei.api.common.display.DisplaySerializer$1@2dd2e138
[13:55:02] [Server thread/DEBUG] [REI] Added display serializer [minecraft:default/beacon_payment] me.shedaniel.rei.api.common.display.DisplaySerializer$1@10113588
[13:55:02] [Server thread/DEBUG] [REI] Added display serializer [minecraft:default/tilling] me.shedaniel.rei.api.common.display.DisplaySerializer$1@79bca307
[13:55:02] [Server thread/DEBUG] [REI] Added display serializer [minecraft:default/pathing] me.shedaniel.rei.api.common.display.DisplaySerializer$1@7e5793b3
[13:55:02] [Server thread/DEBUG] [REI] Added display serializer [minecraft:default/waxing] me.shedaniel.rei.api.common.display.DisplaySerializer$1@e5e350b
[13:55:02] [Server thread/DEBUG] [REI] Added display serializer [minecraft:default/waxing_scraping] me.shedaniel.rei.api.common.display.DisplaySerializer$1@304502ba
[13:55:02] [Server thread/DEBUG] [REI] Added display serializer [minecraft:default/oxidizing] me.shedaniel.rei.api.common.display.DisplaySerializer$1@53a31a4d
[13:55:02] [Server thread/DEBUG] [REI] Added display serializer [minecraft:default/oxidizing_scraping] me.shedaniel.rei.api.common.display.DisplaySerializer$1@2735b6d1
[13:55:02] [Server thread/DEBUG] [REI] Added display serializer [roughlyenoughitems:default/information] me.shedaniel.rei.api.common.display.DisplaySerializer$1@4240bea6
[13:55:02] [Server thread/TRACE] [REI] [REICommonPlugin START] Reloading Section: "reloadable-plugin/DisplaySerializerRegistryImpl/DefaultPlugin of DefaultPlugin [roughlyenoughitems]/" done in 105.7 ms
[13:55:02] [Server thread/TRACE] [REI] [REICommonPlugin START] Reloading Section: "reloadable-plugin/DisplaySerializerRegistryImpl/FabricFluidAPISupportPlugin/"
[13:55:02] [Server thread/TRACE] [REI] [REICommonPlugin START] Reloading Section: "reloadable-plugin/DisplaySerializerRegistryImpl/FabricFluidAPISupportPlugin/" done in 51.59 μs
[13:55:02] [Server thread/TRACE] [REI] [REICommonPlugin START] Reloading Section: "reloadable-plugin/DisplaySerializerRegistryImpl/DefaultRuntimePlugin of DefaultRuntimePlugin [roughlyenoughitems]/"
[13:55:02] [Server thread/TRACE] [REI] [REICommonPlugin START] Reloading Section: "reloadable-plugin/DisplaySerializerRegistryImpl/DefaultRuntimePlugin of DefaultRuntimePlugin [roughlyenoughitems]/" done in 37.58 μs
[13:55:02] [Server thread/TRACE] [REI] [REICommonPlugin START] Reloading Section: "reloadable-plugin/DisplaySerializerRegistryImpl/CommonREIPlugin of CommonREIPlugin [farmersdelight]/"
[13:55:02] [Server thread/DEBUG] [REI] Added display serializer [farmersdelight:default/cooking] me.shedaniel.rei.api.common.display.DisplaySerializer$1@5966b8f6
[13:55:02] [Server thread/DEBUG] [REI] Added display serializer [farmersdelight:default/cutting] me.shedaniel.rei.api.common.display.DisplaySerializer$1@25ff40ea
[13:55:02] [Server thread/DEBUG] [REI] Added display serializer [farmersdelight:default/decomposition] me.shedaniel.rei.api.common.display.DisplaySerializer$1@7e272d9d
[13:55:02] [Server thread/TRACE] [REI] [REICommonPlugin START] Reloading Section: "reloadable-plugin/DisplaySerializerRegistryImpl/CommonREIPlugin of CommonREIPlugin [farmersdelight]/" done in 20.92 ms
[13:55:02] [Server thread/TRACE] [REI] [REICommonPlugin START] Reloading Section: "reloadable-plugin/DisplaySerializerRegistryImpl/" done in 127.2 ms
[13:55:02] [Server thread/TRACE] [REI] [REICommonPlugin START] Reloading Section: "reloadable-plugin/ServerDisplayRegistryImpl/"
[13:55:02] [Server thread/TRACE] [REI] [REICommonPlugin START] Reloading Section: "reloadable-plugin/ServerDisplayRegistryImpl/DefaultPlugin of DefaultPlugin [roughlyenoughitems]/"
[13:55:02] [Server thread/TRACE] [REI] [REICommonPlugin START] Reloading Section: "reloadable-plugin/ServerDisplayRegistryImpl/DefaultPlugin of DefaultPlugin [roughlyenoughitems]/" done in 39.99 μs
[13:55:02] [Server thread/TRACE] [REI] [REICommonPlugin START] Reloading Section: "reloadable-plugin/ServerDisplayRegistryImpl/FabricFluidAPISupportPlugin/"
[13:55:02] [Server thread/TRACE] [REI] [REICommonPlugin START] Reloading Section: "reloadable-plugin/ServerDisplayRegistryImpl/FabricFluidAPISupportPlugin/" done in 27.36 μs
[13:55:02] [Server thread/TRACE] [REI] [REICommonPlugin START] Reloading Section: "reloadable-plugin/ServerDisplayRegistryImpl/DefaultRuntimePlugin of DefaultRuntimePlugin [roughlyenoughitems]/"
[13:55:02] [Server thread/TRACE] [REI] [REICommonPlugin START] Reloading Section: "reloadable-plugin/ServerDisplayRegistryImpl/DefaultRuntimePlugin of DefaultRuntimePlugin [roughlyenoughitems]/" done in 21.51 μs
[13:55:02] [Server thread/TRACE] [REI] [REICommonPlugin START] Reloading Section: "reloadable-plugin/ServerDisplayRegistryImpl/CommonREIPlugin of CommonREIPlugin [farmersdelight]/"
[13:55:02] [Server thread/TRACE] [REI] [REICommonPlugin START] Reloading Section: "reloadable-plugin/ServerDisplayRegistryImpl/CommonREIPlugin of CommonREIPlugin [farmersdelight]/" done in 20.58 μs
[13:55:02] [Server thread/TRACE] [REI] [REICommonPlugin START] Reloading Section: "reloadable-plugin/ServerDisplayRegistryImpl/" done in 372.9 μs
[13:55:02] [Server thread/TRACE] [REI] [REICommonPlugin START] Reloading Section: "reloadable-plugin/FluidSupportProviderImpl/"
[13:55:02] [Server thread/TRACE] [REI] [REICommonPlugin START] Reloading Section: "reloadable-plugin/FluidSupportProviderImpl/DefaultPlugin of DefaultPlugin [roughlyenoughitems]/"
[13:55:02] [Server thread/TRACE] [REI] [REICommonPlugin START] Reloading Section: "reloadable-plugin/FluidSupportProviderImpl/DefaultPlugin of DefaultPlugin [roughlyenoughitems]/" done in 468.8 μs
[13:55:02] [Server thread/TRACE] [REI] [REICommonPlugin START] Reloading Section: "reloadable-plugin/FluidSupportProviderImpl/FabricFluidAPISupportPlugin/"
[13:55:02] [Server thread/TRACE] [REI] [REICommonPlugin START] Reloading Section: "reloadable-plugin/FluidSupportProviderImpl/FabricFluidAPISupportPlugin/" done in 3.287 ms
[13:55:02] [Server thread/TRACE] [REI] [REICommonPlugin START] Reloading Section: "reloadable-plugin/FluidSupportProviderImpl/DefaultRuntimePlugin of DefaultRuntimePlugin [roughlyenoughitems]/"
[13:55:02] [Server thread/TRACE] [REI] [REICommonPlugin START] Reloading Section: "reloadable-plugin/FluidSupportProviderImpl/DefaultRuntimePlugin of DefaultRuntimePlugin [roughlyenoughitems]/" done in 35.64 μs
[13:55:02] [Server thread/TRACE] [REI] [REICommonPlugin START] Reloading Section: "reloadable-plugin/FluidSupportProviderImpl/CommonREIPlugin of CommonREIPlugin [farmersdelight]/"
[13:55:02] [Server thread/TRACE] [REI] [REICommonPlugin START] Reloading Section: "reloadable-plugin/FluidSupportProviderImpl/CommonREIPlugin of CommonREIPlugin [farmersdelight]/" done in 58.37 μs
[13:55:02] [Server thread/TRACE] [REI] [REICommonPlugin START] Reloading Section: "reloadable-plugin/FluidSupportProviderImpl/" done in 4.131 ms
[13:55:02] [Server thread/DEBUG] [REI] ========================================
[13:55:02] [Server thread/DEBUG] [REI] REICommonPlugin ending main-reload for START.
[13:55:02] [Server thread/DEBUG] [REI] ========================================
[13:55:02] [Server thread/TRACE] [REI] [REICommonPlugin START] Reloading Section: "end-reload/"
[13:55:02] [Server thread/TRACE] [REI] [REICommonPlugin START] Reloading Section: "end-reload/SlotAccessorRegistryImpl/"
[13:55:02] [Server thread/TRACE] [REI] [REICommonPlugin START] Reloading Section: "end-reload/SlotAccessorRegistryImpl/" done in 32.14 μs
[13:55:02] [Server thread/TRACE] [REI] [REICommonPlugin START] Reloading Section: "end-reload/EntryTypeRegistryImpl/"
[13:55:02] [Server thread/TRACE] [REI] [REICommonPlugin START] Reloading Section: "end-reload/EntryTypeRegistryImpl/" done in 45.11 μs
[13:55:02] [Server thread/TRACE] [REI] [REICommonPlugin START] Reloading Section: "end-reload/EntrySettingsAdapterRegistryImpl/"
[13:55:02] [Server thread/TRACE] [REI] [REICommonPlugin START] Reloading Section: "end-reload/EntrySettingsAdapterRegistryImpl/" done in 29.78 μs
[13:55:02] [Server thread/TRACE] [REI] [REICommonPlugin START] Reloading Section: "end-reload/ItemComparatorRegistryImpl/"
[13:55:02] [Server thread/TRACE] [REI] [REICommonPlugin START] Reloading Section: "end-reload/ItemComparatorRegistryImpl/" done in 46.71 μs
[13:55:02] [Server thread/TRACE] [REI] [REICommonPlugin START] Reloading Section: "end-reload/FluidComparatorRegistryImpl/"
[13:55:02] [Server thread/TRACE] [REI] [REICommonPlugin START] Reloading Section: "end-reload/FluidComparatorRegistryImpl/" done in 23.84 μs
[13:55:02] [Server thread/TRACE] [REI] [REICommonPlugin START] Reloading Section: "end-reload/DisplaySerializerRegistryImpl/"
[13:55:02] [Server thread/TRACE] [REI] [REICommonPlugin START] Reloading Section: "end-reload/DisplaySerializerRegistryImpl/" done in 43.64 μs
[13:55:02] [Server thread/TRACE] [REI] [REICommonPlugin START] Reloading Section: "end-reload/ServerDisplayRegistryImpl/"
[13:55:02] [Server thread/TRACE] [REI] [REICommonPlugin START] Reloading Section: "end-reload/ServerDisplayRegistryImpl/" done in 17.67 μs
[13:55:02] [Server thread/TRACE] [REI] [REICommonPlugin START] Reloading Section: "end-reload/FluidSupportProviderImpl/"
[13:55:02] [Server thread/TRACE] [REI] [REICommonPlugin START] Reloading Section: "end-reload/FluidSupportProviderImpl/" done in 15.69 μs
[13:55:02] [Server thread/TRACE] [REI] [REICommonPlugin START] Reloading Section: "end-reload/" done in 1.630 ms
[13:55:02] [Server thread/DEBUG] [REI] ========================================
[13:55:02] [Server thread/DEBUG] [REI] REICommonPlugin ended main-reload for START in 159.4 ms.
[13:55:02] [Server thread/DEBUG] [REI] ========================================
[13:55:02] [Server thread/DEBUG] [REI] ========================================
[13:55:02] [Server thread/DEBUG] [REI] REICommonPlugin starting post-reload for START.
[13:55:02] [Server thread/DEBUG] [REI] Reloadables (8):
[13:55:02] [Server thread/DEBUG] [REI]  - SlotAccessorRegistryImpl
[13:55:02] [Server thread/DEBUG] [REI]  - EntryTypeRegistryImpl
[13:55:02] [Server thread/DEBUG] [REI]  - EntrySettingsAdapterRegistryImpl
[13:55:02] [Server thread/DEBUG] [REI]  - ItemComparatorRegistryImpl
[13:55:02] [Server thread/DEBUG] [REI]  - FluidComparatorRegistryImpl
[13:55:02] [Server thread/DEBUG] [REI]  - DisplaySerializerRegistryImpl
[13:55:02] [Server thread/DEBUG] [REI]  - ServerDisplayRegistryImpl
[13:55:02] [Server thread/DEBUG] [REI]  - FluidSupportProviderImpl
[13:55:02] [Server thread/DEBUG] [REI] Plugins (4):
[13:55:02] [Server thread/DEBUG] [REI]  - (-100.00) DefaultPlugin of DefaultPlugin [roughlyenoughitems]
[13:55:02] [Server thread/DEBUG] [REI]  - (0.00) FabricFluidAPISupportPlugin
[13:55:02] [Server thread/DEBUG] [REI]  - (0.00) DefaultRuntimePlugin of DefaultRuntimePlugin [roughlyenoughitems]
[13:55:02] [Server thread/DEBUG] [REI]  - (0.00) CommonREIPlugin of CommonREIPlugin [farmersdelight]
[13:55:02] [Server thread/DEBUG] [REI] ========================================
[13:55:02] [Server thread/TRACE] [REI] [REICommonPlugin START] Reloading Section: "post-register/"
[13:55:02] [Server thread/TRACE] [REI] [REICommonPlugin START] Reloading Section: "post-register/DefaultPlugin of DefaultPlugin [roughlyenoughitems]/"
[13:55:02] [Server thread/TRACE] [REI] [REICommonPlugin START] Reloading Section: "post-register/DefaultPlugin of DefaultPlugin [roughlyenoughitems]/" done in 169.1 μs
[13:55:02] [Server thread/TRACE] [REI] [REICommonPlugin START] Reloading Section: "post-register/FabricFluidAPISupportPlugin/"
[13:55:02] [Server thread/TRACE] [REI] [REICommonPlugin START] Reloading Section: "post-register/FabricFluidAPISupportPlugin/" done in 23.85 μs
[13:55:02] [Server thread/TRACE] [REI] [REICommonPlugin START] Reloading Section: "post-register/DefaultRuntimePlugin of DefaultRuntimePlugin [roughlyenoughitems]/"
[13:55:02] [Server thread/TRACE] [REI] [REICommonPlugin START] Reloading Section: "post-register/DefaultRuntimePlugin of DefaultRuntimePlugin [roughlyenoughitems]/" done in 19.79 μs
[13:55:02] [Server thread/TRACE] [REI] [REICommonPlugin START] Reloading Section: "post-register/CommonREIPlugin of CommonREIPlugin [farmersdelight]/"
[13:55:02] [Server thread/TRACE] [REI] [REICommonPlugin START] Reloading Section: "post-register/CommonREIPlugin of CommonREIPlugin [farmersdelight]/" done in 20.81 μs
[13:55:02] [Server thread/TRACE] [REI] [REICommonPlugin START] Reloading Section: "post-register/" done in 2.767 ms
[13:55:02] [Server thread/TRACE] [REI] [REICommonPlugin START] Reloading Section: "post-stage/"
[13:55:02] [Server thread/TRACE] [REI] [REICommonPlugin START] Reloading Section: "post-stage/SlotAccessorRegistryImpl/"
[13:55:02] [Server thread/TRACE] [REI] [REICommonPlugin START] Reloading Section: "post-stage/SlotAccessorRegistryImpl/" done in 32.52 μs
[13:55:02] [Server thread/TRACE] [REI] [REICommonPlugin START] Reloading Section: "post-stage/EntryTypeRegistryImpl/"
[13:55:02] [Server thread/TRACE] [REI] [REICommonPlugin START] Reloading Section: "post-stage/EntryTypeRegistryImpl/" done in 14.63 μs
[13:55:02] [Server thread/TRACE] [REI] [REICommonPlugin START] Reloading Section: "post-stage/EntrySettingsAdapterRegistryImpl/"
[13:55:02] [Server thread/TRACE] [REI] [REICommonPlugin START] Reloading Section: "post-stage/EntrySettingsAdapterRegistryImpl/" done in 18.01 μs
[13:55:02] [Server thread/TRACE] [REI] [REICommonPlugin START] Reloading Section: "post-stage/ItemComparatorRegistryImpl/"
[13:55:02] [Server thread/TRACE] [REI] [REICommonPlugin START] Reloading Section: "post-stage/ItemComparatorRegistryImpl/" done in 15.92 μs
[13:55:02] [Server thread/TRACE] [REI] [REICommonPlugin START] Reloading Section: "post-stage/FluidComparatorRegistryImpl/"
[13:55:02] [Server thread/TRACE] [REI] [REICommonPlugin START] Reloading Section: "post-stage/FluidComparatorRegistryImpl/" done in 16.99 μs
[13:55:02] [Server thread/TRACE] [REI] [REICommonPlugin START] Reloading Section: "post-stage/DisplaySerializerRegistryImpl/"
[13:55:02] [Server thread/TRACE] [REI] [REICommonPlugin START] Reloading Section: "post-stage/DisplaySerializerRegistryImpl/" done in 12.61 μs
[13:55:02] [Server thread/TRACE] [REI] [REICommonPlugin START] Reloading Section: "post-stage/ServerDisplayRegistryImpl/"
[13:55:02] [Server thread/TRACE] [REI] [REICommonPlugin START] Reloading Section: "post-stage/ServerDisplayRegistryImpl/" done in 12.13 μs
[13:55:02] [Server thread/TRACE] [REI] [REICommonPlugin START] Reloading Section: "post-stage/FluidSupportProviderImpl/"
[13:55:02] [Server thread/TRACE] [REI] [REICommonPlugin START] Reloading Section: "post-stage/FluidSupportProviderImpl/" done in 12.02 μs
[13:55:02] [Server thread/TRACE] [REI] [REICommonPlugin START] Reloading Section: "post-stage/" done in 480.4 μs
[13:55:02] [Server thread/DEBUG] [REI] ========================================
[13:55:02] [Server thread/INFO] [REI] REICommonPlugin finished post-reload for START in 3.315 ms, totaling 180.3 ms.
[13:55:02] [Server thread/DEBUG] [REI] ========================================
[13:55:02] [Server thread/DEBUG] [REI] ========================================
[13:55:02] [Server thread/DEBUG] [REI] REICommonPlugin starting pre-reload for END.
[13:55:02] [Server thread/DEBUG] [REI] Reloadables (8):
[13:55:02] [Server thread/DEBUG] [REI]  - SlotAccessorRegistryImpl
[13:55:02] [Server thread/DEBUG] [REI]  - EntryTypeRegistryImpl
[13:55:02] [Server thread/DEBUG] [REI]  - EntrySettingsAdapterRegistryImpl
[13:55:02] [Server thread/DEBUG] [REI]  - ItemComparatorRegistryImpl
[13:55:02] [Server thread/DEBUG] [REI]  - FluidComparatorRegistryImpl
[13:55:02] [Server thread/DEBUG] [REI]  - DisplaySerializerRegistryImpl
[13:55:02] [Server thread/DEBUG] [REI]  - ServerDisplayRegistryImpl
[13:55:02] [Server thread/DEBUG] [REI]  - FluidSupportProviderImpl
[13:55:02] [Server thread/DEBUG] [REI] Plugins (4):
[13:55:02] [Server thread/DEBUG] [REI]  - (-100.00) DefaultPlugin of DefaultPlugin [roughlyenoughitems]
[13:55:02] [Server thread/DEBUG] [REI]  - (0.00) FabricFluidAPISupportPlugin
[13:55:02] [Server thread/DEBUG] [REI]  - (0.00) DefaultRuntimePlugin of DefaultRuntimePlugin [roughlyenoughitems]
[13:55:02] [Server thread/DEBUG] [REI]  - (0.00) CommonREIPlugin of CommonREIPlugin [farmersdelight]
[13:55:02] [Server thread/DEBUG] [REI] ========================================
[13:55:02] [Server thread/TRACE] [REI] [REICommonPlugin END] Reloading Section: "pre-register/"
[13:55:02] [Server thread/TRACE] [REI] [REICommonPlugin END] Reloading Section: "pre-register/DefaultPlugin of DefaultPlugin [roughlyenoughitems]/"
[13:55:02] [Server thread/TRACE] [REI] [REICommonPlugin END] Reloading Section: "pre-register/DefaultPlugin of DefaultPlugin [roughlyenoughitems]/" done in 19.89 μs
[13:55:02] [Server thread/TRACE] [REI] [REICommonPlugin END] Reloading Section: "pre-register/FabricFluidAPISupportPlugin/"
[13:55:02] [Server thread/TRACE] [REI] [REICommonPlugin END] Reloading Section: "pre-register/FabricFluidAPISupportPlugin/" done in 15.95 μs
[13:55:02] [Server thread/TRACE] [REI] [REICommonPlugin END] Reloading Section: "pre-register/DefaultRuntimePlugin of DefaultRuntimePlugin [roughlyenoughitems]/"
[13:55:02] [Server thread/TRACE] [REI] [REICommonPlugin END] Reloading Section: "pre-register/DefaultRuntimePlugin of DefaultRuntimePlugin [roughlyenoughitems]/" done in 20.11 μs
[13:55:02] [Server thread/TRACE] [REI] [REICommonPlugin END] Reloading Section: "pre-register/CommonREIPlugin of CommonREIPlugin [farmersdelight]/"
[13:55:02] [Server thread/TRACE] [REI] [REICommonPlugin END] Reloading Section: "pre-register/CommonREIPlugin of CommonREIPlugin [farmersdelight]/" done in 20.97 μs
[13:55:02] [Server thread/TRACE] [REI] [REICommonPlugin END] Reloading Section: "pre-register/" done in 285.6 μs
[13:55:02] [Server thread/TRACE] [REI] [REICommonPlugin END] Reloading Section: "pre-stage/"
[13:55:02] [Server thread/TRACE] [REI] [REICommonPlugin END] Reloading Section: "pre-stage/SlotAccessorRegistryImpl/"
[13:55:02] [Server thread/TRACE] [REI] [REICommonPlugin END] Reloading Section: "pre-stage/SlotAccessorRegistryImpl/" done in 17.00 μs
[13:55:02] [Server thread/TRACE] [REI] [REICommonPlugin END] Reloading Section: "pre-stage/EntryTypeRegistryImpl/"
[13:55:02] [Server thread/TRACE] [REI] [REICommonPlugin END] Reloading Section: "pre-stage/EntryTypeRegistryImpl/" done in 14.80 μs
[13:55:02] [Server thread/TRACE] [REI] [REICommonPlugin END] Reloading Section: "pre-stage/EntrySettingsAdapterRegistryImpl/"
[13:55:02] [Server thread/TRACE] [REI] [REICommonPlugin END] Reloading Section: "pre-stage/EntrySettingsAdapterRegistryImpl/" done in 15.87 μs
[13:55:02] [Server thread/TRACE] [REI] [REICommonPlugin END] Reloading Section: "pre-stage/ItemComparatorRegistryImpl/"
[13:55:02] [Server thread/TRACE] [REI] [REICommonPlugin END] Reloading Section: "pre-stage/ItemComparatorRegistryImpl/" done in 16.33 μs
[13:55:02] [Server thread/TRACE] [REI] [REICommonPlugin END] Reloading Section: "pre-stage/FluidComparatorRegistryImpl/"
[13:55:02] [Server thread/TRACE] [REI] [REICommonPlugin END] Reloading Section: "pre-stage/FluidComparatorRegistryImpl/" done in 16.76 μs
[13:55:02] [Server thread/TRACE] [REI] [REICommonPlugin END] Reloading Section: "pre-stage/DisplaySerializerRegistryImpl/"
[13:55:02] [Server thread/TRACE] [REI] [REICommonPlugin END] Reloading Section: "pre-stage/DisplaySerializerRegistryImpl/" done in 21.98 μs
[13:55:02] [Server thread/TRACE] [REI] [REICommonPlugin END] Reloading Section: "pre-stage/ServerDisplayRegistryImpl/"
[13:55:02] [Server thread/TRACE] [REI] [REICommonPlugin END] Reloading Section: "pre-stage/ServerDisplayRegistryImpl/" done in 19.11 μs
[13:55:02] [Server thread/TRACE] [REI] [REICommonPlugin END] Reloading Section: "pre-stage/FluidSupportProviderImpl/"
[13:55:02] [Server thread/TRACE] [REI] [REICommonPlugin END] Reloading Section: "pre-stage/FluidSupportProviderImpl/" done in 15.33 μs
[13:55:02] [Server thread/TRACE] [REI] [REICommonPlugin END] Reloading Section: "pre-stage/" done in 2.529 ms
[13:55:02] [Server thread/DEBUG] [REI] ========================================
[13:55:02] [Server thread/DEBUG] [REI] REICommonPlugin finished pre-reload for END in 2.870 ms.
[13:55:02] [Server thread/DEBUG] [REI] ========================================
[13:55:02] [Server thread/INFO] [REI] ========================================
[13:55:02] [Server thread/INFO] [REI] REICommonPlugin starting main-reload for END.
[13:55:02] [Server thread/DEBUG] [REI] Reloadables (8):
[13:55:02] [Server thread/DEBUG] [REI]  - SlotAccessorRegistryImpl
[13:55:02] [Server thread/DEBUG] [REI]  - EntryTypeRegistryImpl
[13:55:02] [Server thread/DEBUG] [REI]  - EntrySettingsAdapterRegistryImpl
[13:55:02] [Server thread/DEBUG] [REI]  - ItemComparatorRegistryImpl
[13:55:02] [Server thread/DEBUG] [REI]  - FluidComparatorRegistryImpl
[13:55:02] [Server thread/DEBUG] [REI]  - DisplaySerializerRegistryImpl
[13:55:02] [Server thread/DEBUG] [REI]  - ServerDisplayRegistryImpl
[13:55:02] [Server thread/DEBUG] [REI]  - FluidSupportProviderImpl
[13:55:02] [Server thread/INFO] [REI] Plugins (4):
[13:55:02] [Server thread/INFO] [REI]  - (-100.00) DefaultPlugin of DefaultPlugin [roughlyenoughitems]
[13:55:02] [Server thread/INFO] [REI]  - (0.00) FabricFluidAPISupportPlugin
[13:55:02] [Server thread/INFO] [REI]  - (0.00) DefaultRuntimePlugin of DefaultRuntimePlugin [roughlyenoughitems]
[13:55:02] [Server thread/INFO] [REI]  - (0.00) CommonREIPlugin of CommonREIPlugin [farmersdelight]
[13:55:02] [Server thread/INFO] [REI] ========================================
[13:55:02] [Server thread/TRACE] [REI] [REICommonPlugin END] Reloading Section: "start-reload/"
[13:55:02] [Server thread/TRACE] [REI] [REICommonPlugin END] Reloading Section: "start-reload/SlotAccessorRegistryImpl/"
[13:55:02] [Server thread/TRACE] [REI] [REICommonPlugin END] Reloading Section: "start-reload/SlotAccessorRegistryImpl/" done in 25.96 μs
[13:55:02] [Server thread/TRACE] [REI] [REICommonPlugin END] Reloading Section: "start-reload/EntryTypeRegistryImpl/"
[13:55:02] [Server thread/TRACE] [REI] [REICommonPlugin END] Reloading Section: "start-reload/EntryTypeRegistryImpl/" done in 15.45 μs
[13:55:02] [Server thread/TRACE] [REI] [REICommonPlugin END] Reloading Section: "start-reload/EntrySettingsAdapterRegistryImpl/"
[13:55:02] [Server thread/TRACE] [REI] [REICommonPlugin END] Reloading Section: "start-reload/EntrySettingsAdapterRegistryImpl/" done in 18.37 μs
[13:55:02] [Server thread/TRACE] [REI] [REICommonPlugin END] Reloading Section: "start-reload/ItemComparatorRegistryImpl/"
[13:55:02] [Server thread/TRACE] [REI] [REICommonPlugin END] Reloading Section: "start-reload/ItemComparatorRegistryImpl/" done in 22.45 μs
[13:55:02] [Server thread/TRACE] [REI] [REICommonPlugin END] Reloading Section: "start-reload/FluidComparatorRegistryImpl/"
[13:55:02] [Server thread/TRACE] [REI] [REICommonPlugin END] Reloading Section: "start-reload/FluidComparatorRegistryImpl/" done in 15.07 μs
[13:55:02] [Server thread/TRACE] [REI] [REICommonPlugin END] Reloading Section: "start-reload/DisplaySerializerRegistryImpl/"
[13:55:02] [Server thread/TRACE] [REI] [REICommonPlugin END] Reloading Section: "start-reload/DisplaySerializerRegistryImpl/" done in 13.86 μs
[13:55:02] [Server thread/TRACE] [REI] [REICommonPlugin END] Reloading Section: "start-reload/ServerDisplayRegistryImpl/"
[13:55:02] [Server thread/TRACE] [REI] [REICommonPlugin END] Reloading Section: "start-reload/ServerDisplayRegistryImpl/" done in 88.55 μs
[13:55:02] [Server thread/TRACE] [REI] [REICommonPlugin END] Reloading Section: "start-reload/FluidSupportProviderImpl/"
[13:55:02] [Server thread/TRACE] [REI] [REICommonPlugin END] Reloading Section: "start-reload/FluidSupportProviderImpl/" done in 16.03 μs
[13:55:02] [Server thread/TRACE] [REI] [REICommonPlugin END] Reloading Section: "start-reload/" done in 506.9 μs
[13:55:02] [Server thread/DEBUG] [REI] ========================================
[13:55:02] [Server thread/DEBUG] [REI] REICommonPlugin started main-reload for END.
[13:55:02] [Server thread/DEBUG] [REI] ========================================
[13:55:02] [Server thread/TRACE] [REI] [REICommonPlugin END] Reloading Section: "reloadable-plugin/SlotAccessorRegistryImpl/"
[13:55:02] [Server thread/TRACE] [REI] [REICommonPlugin END] Reloading Section: "reloadable-plugin/SlotAccessorRegistryImpl/DefaultPlugin of DefaultPlugin [roughlyenoughitems]/"
[13:55:02] [Server thread/TRACE] [REI] [REICommonPlugin END] Reloading Section: "reloadable-plugin/SlotAccessorRegistryImpl/DefaultPlugin of DefaultPlugin [roughlyenoughitems]/" done in 41.40 μs
[13:55:02] [Server thread/TRACE] [REI] [REICommonPlugin END] Reloading Section: "reloadable-plugin/SlotAccessorRegistryImpl/FabricFluidAPISupportPlugin/"
[13:55:02] [Server thread/TRACE] [REI] [REICommonPlugin END] Reloading Section: "reloadable-plugin/SlotAccessorRegistryImpl/FabricFluidAPISupportPlugin/" done in 20.97 μs
[13:55:02] [Server thread/TRACE] [REI] [REICommonPlugin END] Reloading Section: "reloadable-plugin/SlotAccessorRegistryImpl/DefaultRuntimePlugin of DefaultRuntimePlugin [roughlyenoughitems]/"
[13:55:02] [Server thread/DEBUG] [REI] Added slot accessor serializer: me.shedaniel.rei.plugin.common.runtime.DefaultRuntimePlugin$1@25fc7461 [roughlyenoughitems:vanilla]
[13:55:02] [Server thread/DEBUG] [REI] Added slot accessor serializer: me.shedaniel.rei.plugin.common.runtime.DefaultRuntimePlugin$2@7ff405bc [roughlyenoughitems:player]
[13:55:02] [Server thread/TRACE] [REI] [REICommonPlugin END] Reloading Section: "reloadable-plugin/SlotAccessorRegistryImpl/DefaultRuntimePlugin of DefaultRuntimePlugin [roughlyenoughitems]/" done in 8.110 ms
[13:55:02] [Server thread/TRACE] [REI] [REICommonPlugin END] Reloading Section: "reloadable-plugin/SlotAccessorRegistryImpl/CommonREIPlugin of CommonREIPlugin [farmersdelight]/"
[13:55:02] [Server thread/TRACE] [REI] [REICommonPlugin END] Reloading Section: "reloadable-plugin/SlotAccessorRegistryImpl/CommonREIPlugin of CommonREIPlugin [farmersdelight]/" done in 31.78 μs
[13:55:02] [Server thread/TRACE] [REI] [REICommonPlugin END] Reloading Section: "reloadable-plugin/SlotAccessorRegistryImpl/" done in 8.521 ms
[13:55:02] [Server thread/TRACE] [REI] [REICommonPlugin END] Reloading Section: "reloadable-plugin/EntryTypeRegistryImpl/"
[13:55:02] [Server thread/TRACE] [REI] [REICommonPlugin END] Reloading Section: "reloadable-plugin/EntryTypeRegistryImpl/DefaultPlugin of DefaultPlugin [roughlyenoughitems]/"
[13:55:02] [Server thread/TRACE] [REI] [REICommonPlugin END] Reloading Section: "reloadable-plugin/EntryTypeRegistryImpl/DefaultPlugin of DefaultPlugin [roughlyenoughitems]/" done in 24.98 μs
[13:55:02] [Server thread/TRACE] [REI] [REICommonPlugin END] Reloading Section: "reloadable-plugin/EntryTypeRegistryImpl/FabricFluidAPISupportPlugin/"
[13:55:02] [Server thread/TRACE] [REI] [REICommonPlugin END] Reloading Section: "reloadable-plugin/EntryTypeRegistryImpl/FabricFluidAPISupportPlugin/" done in 19.46 μs
[13:55:02] [Server thread/TRACE] [REI] [REICommonPlugin END] Reloading Section: "reloadable-plugin/EntryTypeRegistryImpl/DefaultRuntimePlugin of DefaultRuntimePlugin [roughlyenoughitems]/"
[13:55:02] [Server thread/TRACE] [REI] [REICommonPlugin END] Reloading Section: "reloadable-plugin/EntryTypeRegistryImpl/DefaultRuntimePlugin of DefaultRuntimePlugin [roughlyenoughitems]/" done in 18.29 μs
[13:55:02] [Server thread/TRACE] [REI] [REICommonPlugin END] Reloading Section: "reloadable-plugin/EntryTypeRegistryImpl/CommonREIPlugin of CommonREIPlugin [farmersdelight]/"
[13:55:02] [Server thread/TRACE] [REI] [REICommonPlugin END] Reloading Section: "reloadable-plugin/EntryTypeRegistryImpl/CommonREIPlugin of CommonREIPlugin [farmersdelight]/" done in 16.05 μs
[13:55:02] [Server thread/TRACE] [REI] [REICommonPlugin END] Reloading Section: "reloadable-plugin/EntryTypeRegistryImpl/" done in 223.2 μs
[13:55:02] [Server thread/TRACE] [REI] [REICommonPlugin END] Reloading Section: "reloadable-plugin/EntrySettingsAdapterRegistryImpl/"
[13:55:02] [Server thread/TRACE] [REI] [REICommonPlugin END] Reloading Section: "reloadable-plugin/EntrySettingsAdapterRegistryImpl/DefaultPlugin of DefaultPlugin [roughlyenoughitems]/"
[13:55:02] [Server thread/TRACE] [REI] [REICommonPlugin END] Reloading Section: "reloadable-plugin/EntrySettingsAdapterRegistryImpl/DefaultPlugin of DefaultPlugin [roughlyenoughitems]/" done in 41.38 μs
[13:55:02] [Server thread/TRACE] [REI] [REICommonPlugin END] Reloading Section: "reloadable-plugin/EntrySettingsAdapterRegistryImpl/FabricFluidAPISupportPlugin/"
[13:55:02] [Server thread/TRACE] [REI] [REICommonPlugin END] Reloading Section: "reloadable-plugin/EntrySettingsAdapterRegistryImpl/FabricFluidAPISupportPlugin/" done in 24.58 μs
[13:55:02] [Server thread/TRACE] [REI] [REICommonPlugin END] Reloading Section: "reloadable-plugin/EntrySettingsAdapterRegistryImpl/DefaultRuntimePlugin of DefaultRuntimePlugin [roughlyenoughitems]/"
[13:55:02] [Server thread/TRACE] [REI] [REICommonPlugin END] Reloading Section: "reloadable-plugin/EntrySettingsAdapterRegistryImpl/DefaultRuntimePlugin of DefaultRuntimePlugin [roughlyenoughitems]/" done in 21.84 μs
[13:55:02] [Server thread/TRACE] [REI] [REICommonPlugin END] Reloading Section: "reloadable-plugin/EntrySettingsAdapterRegistryImpl/CommonREIPlugin of CommonREIPlugin [farmersdelight]/"
[13:55:02] [Server thread/TRACE] [REI] [REICommonPlugin END] Reloading Section: "reloadable-plugin/EntrySettingsAdapterRegistryImpl/CommonREIPlugin of CommonREIPlugin [farmersdelight]/" done in 21.25 μs
[13:55:02] [Server thread/TRACE] [REI] [REICommonPlugin END] Reloading Section: "reloadable-plugin/EntrySettingsAdapterRegistryImpl/" done in 291.8 μs
[13:55:02] [Server thread/TRACE] [REI] [REICommonPlugin END] Reloading Section: "reloadable-plugin/ItemComparatorRegistryImpl/"
[13:55:02] [Server thread/TRACE] [REI] [REICommonPlugin END] Reloading Section: "reloadable-plugin/ItemComparatorRegistryImpl/DefaultPlugin of DefaultPlugin [roughlyenoughitems]/"
[13:55:02] [Server thread/TRACE] [REI] [REICommonPlugin END] Reloading Section: "reloadable-plugin/ItemComparatorRegistryImpl/DefaultPlugin of DefaultPlugin [roughlyenoughitems]/" done in 75.56 μs
[13:55:02] [Server thread/TRACE] [REI] [REICommonPlugin END] Reloading Section: "reloadable-plugin/ItemComparatorRegistryImpl/FabricFluidAPISupportPlugin/"
[13:55:02] [Server thread/TRACE] [REI] [REICommonPlugin END] Reloading Section: "reloadable-plugin/ItemComparatorRegistryImpl/FabricFluidAPISupportPlugin/" done in 27.00 μs
[13:55:02] [Server thread/TRACE] [REI] [REICommonPlugin END] Reloading Section: "reloadable-plugin/ItemComparatorRegistryImpl/DefaultRuntimePlugin of DefaultRuntimePlugin [roughlyenoughitems]/"
[13:55:02] [Server thread/TRACE] [REI] [REICommonPlugin END] Reloading Section: "reloadable-plugin/ItemComparatorRegistryImpl/DefaultRuntimePlugin of DefaultRuntimePlugin [roughlyenoughitems]/" done in 22.76 μs
[13:55:02] [Server thread/TRACE] [REI] [REICommonPlugin END] Reloading Section: "reloadable-plugin/ItemComparatorRegistryImpl/CommonREIPlugin of CommonREIPlugin [farmersdelight]/"
[13:55:02] [Server thread/TRACE] [REI] [REICommonPlugin END] Reloading Section: "reloadable-plugin/ItemComparatorRegistryImpl/CommonREIPlugin of CommonREIPlugin [farmersdelight]/" done in 27.61 μs
[13:55:02] [Server thread/TRACE] [REI] [REICommonPlugin END] Reloading Section: "reloadable-plugin/ItemComparatorRegistryImpl/" done in 378.9 μs
[13:55:02] [Server thread/TRACE] [REI] [REICommonPlugin END] Reloading Section: "reloadable-plugin/FluidComparatorRegistryImpl/"
[13:55:02] [Server thread/TRACE] [REI] [REICommonPlugin END] Reloading Section: "reloadable-plugin/FluidComparatorRegistryImpl/DefaultPlugin of DefaultPlugin [roughlyenoughitems]/"
[13:55:02] [Server thread/TRACE] [REI] [REICommonPlugin END] Reloading Section: "reloadable-plugin/FluidComparatorRegistryImpl/DefaultPlugin of DefaultPlugin [roughlyenoughitems]/" done in 32.03 μs
[13:55:02] [Server thread/TRACE] [REI] [REICommonPlugin END] Reloading Section: "reloadable-plugin/FluidComparatorRegistryImpl/FabricFluidAPISupportPlugin/"
[13:55:02] [Server thread/TRACE] [REI] [REICommonPlugin END] Reloading Section: "reloadable-plugin/FluidComparatorRegistryImpl/FabricFluidAPISupportPlugin/" done in 23.49 μs
[13:55:02] [Server thread/TRACE] [REI] [REICommonPlugin END] Reloading Section: "reloadable-plugin/FluidComparatorRegistryImpl/DefaultRuntimePlugin of DefaultRuntimePlugin [roughlyenoughitems]/"
[13:55:02] [Server thread/TRACE] [REI] [REICommonPlugin END] Reloading Section: "reloadable-plugin/FluidComparatorRegistryImpl/DefaultRuntimePlugin of DefaultRuntimePlugin [roughlyenoughitems]/" done in 59.96 μs
[13:55:02] [Server thread/TRACE] [REI] [REICommonPlugin END] Reloading Section: "reloadable-plugin/FluidComparatorRegistryImpl/CommonREIPlugin of CommonREIPlugin [farmersdelight]/"
[13:55:02] [Server thread/TRACE] [REI] [REICommonPlugin END] Reloading Section: "reloadable-plugin/FluidComparatorRegistryImpl/CommonREIPlugin of CommonREIPlugin [farmersdelight]/" done in 20.29 μs
[13:55:02] [Server thread/TRACE] [REI] [REICommonPlugin END] Reloading Section: "reloadable-plugin/FluidComparatorRegistryImpl/" done in 342.5 μs
[13:55:02] [Server thread/TRACE] [REI] [REICommonPlugin END] Reloading Section: "reloadable-plugin/DisplaySerializerRegistryImpl/"
[13:55:02] [Server thread/TRACE] [REI] [REICommonPlugin END] Reloading Section: "reloadable-plugin/DisplaySerializerRegistryImpl/DefaultPlugin of DefaultPlugin [roughlyenoughitems]/"
[13:55:02] [Server thread/TRACE] [REI] [REICommonPlugin END] Reloading Section: "reloadable-plugin/DisplaySerializerRegistryImpl/DefaultPlugin of DefaultPlugin [roughlyenoughitems]/" done in 19.97 μs
[13:55:02] [Server thread/TRACE] [REI] [REICommonPlugin END] Reloading Section: "reloadable-plugin/DisplaySerializerRegistryImpl/FabricFluidAPISupportPlugin/"
[13:55:02] [Server thread/TRACE] [REI] [REICommonPlugin END] Reloading Section: "reloadable-plugin/DisplaySerializerRegistryImpl/FabricFluidAPISupportPlugin/" done in 17.69 μs
[13:55:02] [Server thread/TRACE] [REI] [REICommonPlugin END] Reloading Section: "reloadable-plugin/DisplaySerializerRegistryImpl/DefaultRuntimePlugin of DefaultRuntimePlugin [roughlyenoughitems]/"
[13:55:02] [Server thread/TRACE] [REI] [REICommonPlugin END] Reloading Section: "reloadable-plugin/DisplaySerializerRegistryImpl/DefaultRuntimePlugin of DefaultRuntimePlugin [roughlyenoughitems]/" done in 17.39 μs
[13:55:02] [Server thread/TRACE] [REI] [REICommonPlugin END] Reloading Section: "reloadable-plugin/DisplaySerializerRegistryImpl/CommonREIPlugin of CommonREIPlugin [farmersdelight]/"
[13:55:02] [Server thread/TRACE] [REI] [REICommonPlugin END] Reloading Section: "reloadable-plugin/DisplaySerializerRegistryImpl/CommonREIPlugin of CommonREIPlugin [farmersdelight]/" done in 16.88 μs
[13:55:02] [Server thread/TRACE] [REI] [REICommonPlugin END] Reloading Section: "reloadable-plugin/DisplaySerializerRegistryImpl/" done in 208.3 μs
[13:55:02] [Server thread/TRACE] [REI] [REICommonPlugin END] Reloading Section: "reloadable-plugin/ServerDisplayRegistryImpl/"
[13:55:02] [Server thread/TRACE] [REI] [REICommonPlugin END] Reloading Section: "reloadable-plugin/ServerDisplayRegistryImpl/DefaultPlugin of DefaultPlugin [roughlyenoughitems]/"
[13:55:02] [Server thread/DEBUG] [REI] Added display filter: me.shedaniel.rei.api.common.registry.display.DisplayConsumer$RecipeManagerConsumer$RecipeFillerBuilder$$Lambda/0x00007f40f23cb6d0@7c92be80
[13:55:02] [Server thread/DEBUG] [REI] Added display filter: me.shedaniel.rei.api.common.registry.display.DisplayConsumer$RecipeManagerConsumer$RecipeFillerBuilder$$Lambda/0x00007f40f23cb6d0@43d547cf
[13:55:02] [Server thread/DEBUG] [REI] Added display filter: me.shedaniel.rei.api.common.registry.display.DisplayConsumer$RecipeManagerConsumer$RecipeFillerBuilder$$Lambda/0x00007f40f23cb6d0@682ef98b
[13:55:02] [Server thread/DEBUG] [REI] Added display filter: me.shedaniel.rei.api.common.registry.display.DisplayConsumer$RecipeManagerConsumer$RecipeFillerBuilder$$Lambda/0x00007f40f23cb6d0@7ad288ea
[13:55:02] [Server thread/DEBUG] [REI] Added display filter: me.shedaniel.rei.api.common.registry.display.DisplayConsumer$RecipeManagerConsumer$RecipeFillerBuilder$$Lambda/0x00007f40f23cb6d0@6d0a4efc
[13:55:02] [Server thread/DEBUG] [REI] Added display filter: me.shedaniel.rei.api.common.registry.display.DisplayConsumer$RecipeManagerConsumer$RecipeFillerBuilder$$Lambda/0x00007f40f23cb6d0@12c3ecd6
[13:55:02] [Server thread/DEBUG] [REI] Added display filter: me.shedaniel.rei.api.common.registry.display.DisplayConsumer$RecipeManagerConsumer$RecipeFillerBuilder$$Lambda/0x00007f40f23cb6d0@67a08e0b
[13:55:02] [Server thread/DEBUG] [REI] Added display filter: me.shedaniel.rei.api.common.registry.display.DisplayConsumer$RecipeManagerConsumer$RecipeFillerBuilder$$Lambda/0x00007f40f23ccf68@7a53bc4f
[13:55:02] [Server thread/DEBUG] [REI] Added display filter: me.shedaniel.rei.api.common.registry.display.DisplayConsumer$RecipeManagerConsumer$RecipeFillerBuilder$$Lambda/0x00007f40f23ccf68@37313310
[13:55:02] [Server thread/DEBUG] [REI] Added display filter: me.shedaniel.rei.api.common.registry.display.DisplayConsumer$RecipeManagerConsumer$RecipeFillerBuilder$$Lambda/0x00007f40f23ccf68@30a3edd1
[13:55:02] [Server thread/DEBUG] [REI] Added display filter: me.shedaniel.rei.api.common.registry.display.DisplayConsumer$RecipeManagerConsumer$RecipeFillerBuilder$$Lambda/0x00007f40f23ccf68@2c921fa2
[13:55:02] [Server thread/DEBUG] [REI] Added display filter: me.shedaniel.rei.api.common.registry.display.DisplayConsumer$RecipeManagerConsumer$RecipeFillerBuilder$$Lambda/0x00007f40f23ccf68@4bc47fbb
[13:55:02] [Server thread/DEBUG] [REI] Added display filter: me.shedaniel.rei.api.common.registry.display.DisplayConsumer$RecipeManagerConsumer$RecipeFillerBuilder$$Lambda/0x00007f40f23ccf68@75d36c60
[13:55:02] [Server thread/DEBUG] [REI] Added display filter: me.shedaniel.rei.api.common.registry.display.DisplayConsumer$RecipeManagerConsumer$RecipeFillerBuilder$$Lambda/0x00007f40f23ccf68@5ab1da6e
[13:55:02] [Server thread/DEBUG] [REI] Added display filter: me.shedaniel.rei.api.common.registry.display.DisplayConsumer$RecipeManagerConsumer$RecipeFillerBuilder$$Lambda/0x00007f40f23ccf68@66e2b195
[13:55:02] [Server thread/DEBUG] [REI] Added display filter: me.shedaniel.rei.api.common.registry.display.DisplayConsumer$RecipeManagerConsumer$RecipeFillerBuilder$$Lambda/0x00007f40f23ccf68@eb32355
[13:55:02] [Server thread/TRACE] [REI] [REICommonPlugin END] Reloading Section: "reloadable-plugin/ServerDisplayRegistryImpl/DefaultPlugin of DefaultPlugin [roughlyenoughitems]/" done in 9.995 ms
[13:55:02] [Server thread/TRACE] [REI] [REICommonPlugin END] Reloading Section: "reloadable-plugin/ServerDisplayRegistryImpl/FabricFluidAPISupportPlugin/"
[13:55:02] [Server thread/TRACE] [REI] [REICommonPlugin END] Reloading Section: "reloadable-plugin/ServerDisplayRegistryImpl/FabricFluidAPISupportPlugin/" done in 35.55 μs
[13:55:02] [Server thread/TRACE] [REI] [REICommonPlugin END] Reloading Section: "reloadable-plugin/ServerDisplayRegistryImpl/DefaultRuntimePlugin of DefaultRuntimePlugin [roughlyenoughitems]/"
[13:55:02] [Server thread/TRACE] [REI] [REICommonPlugin END] Reloading Section: "reloadable-plugin/ServerDisplayRegistryImpl/DefaultRuntimePlugin of DefaultRuntimePlugin [roughlyenoughitems]/" done in 36.55 μs
[13:55:02] [Server thread/TRACE] [REI] [REICommonPlugin END] Reloading Section: "reloadable-plugin/ServerDisplayRegistryImpl/CommonREIPlugin of CommonREIPlugin [farmersdelight]/"
[13:55:02] [Server thread/DEBUG] [REI] Added display filter: me.shedaniel.rei.api.common.registry.display.DisplayConsumer$RecipeManagerConsumer$RecipeFillerBuilder$$Lambda/0x00007f40f23cb6d0@34db3a46
[13:55:02] [Server thread/DEBUG] [REI] Added display filter: me.shedaniel.rei.api.common.registry.display.DisplayConsumer$RecipeManagerConsumer$RecipeFillerBuilder$$Lambda/0x00007f40f23cb6d0@50f86177
[13:55:02] [Server thread/TRACE] [REI] [REICommonPlugin END] Reloading Section: "reloadable-plugin/ServerDisplayRegistryImpl/CommonREIPlugin of CommonREIPlugin [farmersdelight]/" done in 16.37 ms
[13:55:02] [Server thread/TRACE] [REI] [REICommonPlugin END] Reloading Section: "reloadable-plugin/ServerDisplayRegistryImpl/" done in 26.84 ms
[13:55:02] [Server thread/TRACE] [REI] [REICommonPlugin END] Reloading Section: "reloadable-plugin/FluidSupportProviderImpl/"
[13:55:02] [Server thread/TRACE] [REI] [REICommonPlugin END] Reloading Section: "reloadable-plugin/FluidSupportProviderImpl/DefaultPlugin of DefaultPlugin [roughlyenoughitems]/"
[13:55:02] [Server thread/TRACE] [REI] [REICommonPlugin END] Reloading Section: "reloadable-plugin/FluidSupportProviderImpl/DefaultPlugin of DefaultPlugin [roughlyenoughitems]/" done in 27.87 μs
[13:55:02] [Server thread/TRACE] [REI] [REICommonPlugin END] Reloading Section: "reloadable-plugin/FluidSupportProviderImpl/FabricFluidAPISupportPlugin/"
[13:55:02] [Server thread/TRACE] [REI] [REICommonPlugin END] Reloading Section: "reloadable-plugin/FluidSupportProviderImpl/FabricFluidAPISupportPlugin/" done in 19.30 μs
[13:55:02] [Server thread/TRACE] [REI] [REICommonPlugin END] Reloading Section: "reloadable-plugin/FluidSupportProviderImpl/DefaultRuntimePlugin of DefaultRuntimePlugin [roughlyenoughitems]/"
[13:55:02] [Server thread/TRACE] [REI] [REICommonPlugin END] Reloading Section: "reloadable-plugin/FluidSupportProviderImpl/DefaultRuntimePlugin of DefaultRuntimePlugin [roughlyenoughitems]/" done in 19.75 μs
[13:55:02] [Server thread/TRACE] [REI] [REICommonPlugin END] Reloading Section: "reloadable-plugin/FluidSupportProviderImpl/CommonREIPlugin of CommonREIPlugin [farmersdelight]/"
[13:55:02] [Server thread/TRACE] [REI] [REICommonPlugin END] Reloading Section: "reloadable-plugin/FluidSupportProviderImpl/CommonREIPlugin of CommonREIPlugin [farmersdelight]/" done in 21.30 μs
[13:55:02] [Server thread/TRACE] [REI] [REICommonPlugin END] Reloading Section: "reloadable-plugin/FluidSupportProviderImpl/" done in 282.0 μs
[13:55:02] [Server thread/DEBUG] [REI] ========================================
[13:55:02] [Server thread/DEBUG] [REI] REICommonPlugin ending main-reload for END.
[13:55:02] [Server thread/DEBUG] [REI] ========================================
[13:55:02] [Server thread/TRACE] [REI] [REICommonPlugin END] Reloading Section: "end-reload/"
[13:55:02] [Server thread/TRACE] [REI] [REICommonPlugin END] Reloading Section: "end-reload/SlotAccessorRegistryImpl/"
[13:55:02] [Server thread/DEBUG] [REI] Registered 2 slot accessor serializers
[13:55:02] [Server thread/TRACE] [REI] [REICommonPlugin END] Reloading Section: "end-reload/SlotAccessorRegistryImpl/" done in 73.17 μs
[13:55:02] [Server thread/TRACE] [REI] [REICommonPlugin END] Reloading Section: "end-reload/EntryTypeRegistryImpl/"
[13:55:02] [Server thread/TRACE] [REI] [REICommonPlugin END] Reloading Section: "end-reload/EntryTypeRegistryImpl/" done in 14.13 μs
[13:55:02] [Server thread/TRACE] [REI] [REICommonPlugin END] Reloading Section: "end-reload/EntrySettingsAdapterRegistryImpl/"
[13:55:02] [Server thread/TRACE] [REI] [REICommonPlugin END] Reloading Section: "end-reload/EntrySettingsAdapterRegistryImpl/" done in 13.04 μs
[13:55:02] [Server thread/TRACE] [REI] [REICommonPlugin END] Reloading Section: "end-reload/ItemComparatorRegistryImpl/"
[13:55:02] [Server thread/TRACE] [REI] [REICommonPlugin END] Reloading Section: "end-reload/ItemComparatorRegistryImpl/" done in 13.00 μs
[13:55:02] [Server thread/TRACE] [REI] [REICommonPlugin END] Reloading Section: "end-reload/FluidComparatorRegistryImpl/"
[13:55:02] [Server thread/TRACE] [REI] [REICommonPlugin END] Reloading Section: "end-reload/FluidComparatorRegistryImpl/" done in 11.83 μs
[13:55:02] [Server thread/TRACE] [REI] [REICommonPlugin END] Reloading Section: "end-reload/DisplaySerializerRegistryImpl/"
[13:55:02] [Server thread/TRACE] [REI] [REICommonPlugin END] Reloading Section: "end-reload/DisplaySerializerRegistryImpl/" done in 11.63 μs
[13:55:02] [Server thread/TRACE] [REI] [REICommonPlugin END] Reloading Section: "end-reload/ServerDisplayRegistryImpl/"
[13:55:02] [Server thread/DEBUG] [REI] Found preliminary 12 displays
[13:55:02] [Server thread/DEBUG] [REI] Filled 7987 displays from recipe manager in 237.4 ms
[13:55:02] [Server thread/TRACE] [REI] [REICommonPlugin END] Reloading Section: "end-reload/ServerDisplayRegistryImpl/" done in 237.6 ms
[13:55:02] [Server thread/TRACE] [REI] [REICommonPlugin END] Reloading Section: "end-reload/FluidSupportProviderImpl/"
[13:55:02] [Server thread/TRACE] [REI] [REICommonPlugin END] Reloading Section: "end-reload/FluidSupportProviderImpl/" done in 21.20 μs
[13:55:02] [Server thread/TRACE] [REI] [REICommonPlugin END] Reloading Section: "end-reload/" done in 238.1 ms
[13:55:02] [Server thread/DEBUG] [REI] ========================================
[13:55:02] [Server thread/DEBUG] [REI] REICommonPlugin ended main-reload for END in 277.4 ms.
[13:55:02] [Server thread/DEBUG] [REI] ========================================
[13:55:02] [Server thread/DEBUG] [REI] ========================================
[13:55:02] [Server thread/DEBUG] [REI] REICommonPlugin starting post-reload for END.
[13:55:02] [Server thread/DEBUG] [REI] Reloadables (8):
[13:55:02] [Server thread/DEBUG] [REI]  - SlotAccessorRegistryImpl
[13:55:02] [Server thread/DEBUG] [REI]  - EntryTypeRegistryImpl
[13:55:02] [Server thread/DEBUG] [REI]  - EntrySettingsAdapterRegistryImpl
[13:55:02] [Server thread/DEBUG] [REI]  - ItemComparatorRegistryImpl
[13:55:02] [Server thread/DEBUG] [REI]  - FluidComparatorRegistryImpl
[13:55:02] [Server thread/DEBUG] [REI]  - DisplaySerializerRegistryImpl
[13:55:02] [Server thread/DEBUG] [REI]  - ServerDisplayRegistryImpl
[13:55:02] [Server thread/DEBUG] [REI]  - FluidSupportProviderImpl
[13:55:02] [Server thread/DEBUG] [REI] Plugins (4):
[13:55:02] [Server thread/DEBUG] [REI]  - (-100.00) DefaultPlugin of DefaultPlugin [roughlyenoughitems]
[13:55:02] [Server thread/DEBUG] [REI]  - (0.00) FabricFluidAPISupportPlugin
[13:55:02] [Server thread/DEBUG] [REI]  - (0.00) DefaultRuntimePlugin of DefaultRuntimePlugin [roughlyenoughitems]
[13:55:02] [Server thread/DEBUG] [REI]  - (0.00) CommonREIPlugin of CommonREIPlugin [farmersdelight]
[13:55:02] [Server thread/DEBUG] [REI] ========================================
[13:55:02] [Server thread/TRACE] [REI] [REICommonPlugin END] Reloading Section: "post-register/"
[13:55:02] [Server thread/TRACE] [REI] [REICommonPlugin END] Reloading Section: "post-register/DefaultPlugin of DefaultPlugin [roughlyenoughitems]/"
[13:55:02] [Server thread/TRACE] [REI] [REICommonPlugin END] Reloading Section: "post-register/DefaultPlugin of DefaultPlugin [roughlyenoughitems]/" done in 25.47 μs
[13:55:02] [Server thread/TRACE] [REI] [REICommonPlugin END] Reloading Section: "post-register/FabricFluidAPISupportPlugin/"
[13:55:02] [Server thread/TRACE] [REI] [REICommonPlugin END] Reloading Section: "post-register/FabricFluidAPISupportPlugin/" done in 30.57 μs
[13:55:02] [Server thread/TRACE] [REI] [REICommonPlugin END] Reloading Section: "post-register/DefaultRuntimePlugin of DefaultRuntimePlugin [roughlyenoughitems]/"
[13:55:02] [Server thread/TRACE] [REI] [REICommonPlugin END] Reloading Section: "post-register/DefaultRuntimePlugin of DefaultRuntimePlugin [roughlyenoughitems]/" done in 14.38 μs
[13:55:02] [Server thread/TRACE] [REI] [REICommonPlugin END] Reloading Section: "post-register/CommonREIPlugin of CommonREIPlugin [farmersdelight]/"
[13:55:02] [Server thread/TRACE] [REI] [REICommonPlugin END] Reloading Section: "post-register/CommonREIPlugin of CommonREIPlugin [farmersdelight]/" done in 14.82 μs
[13:55:02] [Server thread/TRACE] [REI] [REICommonPlugin END] Reloading Section: "post-register/" done in 278.7 μs
[13:55:02] [Server thread/TRACE] [REI] [REICommonPlugin END] Reloading Section: "post-stage/"
[13:55:02] [Server thread/TRACE] [REI] [REICommonPlugin END] Reloading Section: "post-stage/SlotAccessorRegistryImpl/"
[13:55:02] [Server thread/TRACE] [REI] [REICommonPlugin END] Reloading Section: "post-stage/SlotAccessorRegistryImpl/" done in 14.01 μs
[13:55:02] [Server thread/TRACE] [REI] [REICommonPlugin END] Reloading Section: "post-stage/EntryTypeRegistryImpl/"
[13:55:02] [Server thread/TRACE] [REI] [REICommonPlugin END] Reloading Section: "post-stage/EntryTypeRegistryImpl/" done in 11.16 μs
[13:55:02] [Server thread/TRACE] [REI] [REICommonPlugin END] Reloading Section: "post-stage/EntrySettingsAdapterRegistryImpl/"
[13:55:02] [Server thread/TRACE] [REI] [REICommonPlugin END] Reloading Section: "post-stage/EntrySettingsAdapterRegistryImpl/" done in 22.23 μs
[13:55:02] [Server thread/TRACE] [REI] [REICommonPlugin END] Reloading Section: "post-stage/ItemComparatorRegistryImpl/"
[13:55:02] [Server thread/TRACE] [REI] [REICommonPlugin END] Reloading Section: "post-stage/ItemComparatorRegistryImpl/" done in 11.38 μs
[13:55:02] [Server thread/TRACE] [REI] [REICommonPlugin END] Reloading Section: "post-stage/FluidComparatorRegistryImpl/"
[13:55:02] [Server thread/TRACE] [REI] [REICommonPlugin END] Reloading Section: "post-stage/FluidComparatorRegistryImpl/" done in 10.90 μs
[13:55:02] [Server thread/TRACE] [REI] [REICommonPlugin END] Reloading Section: "post-stage/DisplaySerializerRegistryImpl/"
[13:55:02] [Server thread/TRACE] [REI] [REICommonPlugin END] Reloading Section: "post-stage/DisplaySerializerRegistryImpl/" done in 10.51 μs
[13:55:02] [Server thread/TRACE] [REI] [REICommonPlugin END] Reloading Section: "post-stage/ServerDisplayRegistryImpl/"
[13:55:02] [Server thread/TRACE] [REI] [REICommonPlugin END] Reloading Section: "post-stage/ServerDisplayRegistryImpl/" done in 18.19 μs
[13:55:02] [Server thread/TRACE] [REI] [REICommonPlugin END] Reloading Section: "post-stage/FluidSupportProviderImpl/"
[13:55:02] [Server thread/TRACE] [REI] [REICommonPlugin END] Reloading Section: "post-stage/FluidSupportProviderImpl/" done in 11.24 μs
[13:55:02] [Server thread/TRACE] [REI] [REICommonPlugin END] Reloading Section: "post-stage/" done in 296.1 μs
[13:55:02] [Server thread/DEBUG] [REI] ========================================
[13:55:02] [Server thread/INFO] [REI] REICommonPlugin finished post-reload for END in 606.7 μs, totaling 280.8 ms.
[13:55:02] [Server thread/DEBUG] [REI] ========================================
[13:55:03] [Server thread/DEBUG] [REI] Updating players with new displays version D276839000000001 [from D276839000000000]
